Archive member included because of file (symbol)

C:\Program Files (x86)\VEX Robotics\VEXcode Pro V5\sdk/vexv5\libv5rt.a(v5_startup.c.obj)
                              (vexStartup)
C:\Program Files (x86)\VEX Robotics\VEXcode Pro V5\sdk/vexv5\libv5rt.a(v5_util.c.obj)
                              C:\Program Files (x86)\VEX Robotics\VEXcode Pro V5\sdk/vexv5\libv5rt.a(v5_startup.c.obj) (vexStdlibVersionLinked)
C:\Program Files (x86)\VEX Robotics\VEXcode Pro V5\sdk/vexv5\libv5rt.a(v5_apijump.c.obj)
                              C:\Program Files (x86)\VEX Robotics\VEXcode Pro V5\sdk/vexv5\libv5rt.a(v5_startup.c.obj) (vexPrivateApiEnable)
C:\Program Files (x86)\VEX Robotics\VEXcode Pro V5\sdk/vexv5\libv5rt.a(v5_apiversions.c.obj)
                              C:\Program Files (x86)\VEX Robotics\VEXcode Pro V5\sdk/vexv5\libv5rt.a(v5_apijump.c.obj) (vexSystemVersion)
C:\Program Files (x86)\VEX Robotics\VEXcode Pro V5\sdk/vexv5\libv5rt.a(vex_global.cpp.obj)
                              build/src/main.o (vex::wait(double, vex::timeUnits))
C:\Program Files (x86)\VEX Robotics\VEXcode Pro V5\sdk/vexv5\libv5rt.a(vex_motor.cpp.obj)
                              build/src/robot-config.o (vex::motor::~motor())
C:\Program Files (x86)\VEX Robotics\VEXcode Pro V5\sdk/vexv5\libv5rt.a(vex_imu.cpp.obj)
                              build/src/chassi.o (vex::inertial::setRotation(double, vex::rotationUnits))
C:\Program Files (x86)\VEX Robotics\VEXcode Pro V5\sdk/vexv5\libv5rt.a(vex_gps.cpp.obj)
                              build/src/robot-config.o (vex::gps::~gps())
C:\Program Files (x86)\VEX Robotics\VEXcode Pro V5\sdk/vexv5\libv5rt.a(vex_controller.cpp.obj)
                              build/src/robot-config.o (vex::controller::~controller())
C:\Program Files (x86)\VEX Robotics\VEXcode Pro V5\sdk/vexv5\libv5rt.a(vex_task.cpp.obj)
                              build/src/chassi.o (vex::task::task())
C:\Program Files (x86)\VEX Robotics\VEXcode Pro V5\sdk/vexv5\libv5rt.a(vex_thread.cpp.obj)
                              C:\Program Files (x86)\VEX Robotics\VEXcode Pro V5\sdk/vexv5\libv5rt.a(vex_global.cpp.obj) (vex::this_thread::sleep_for(unsigned long))
C:\Program Files (x86)\VEX Robotics\VEXcode Pro V5\sdk/vexv5\libv5rt.a(vex_event.cpp.obj)
                              C:\Program Files (x86)\VEX Robotics\VEXcode Pro V5\sdk/vexv5\libv5rt.a(vex_imu.cpp.obj) (vex::event::init(unsigned long, unsigned long, void (*)()))
C:\Program Files (x86)\VEX Robotics\VEXcode Pro V5\sdk/vexv5\libv5rt.a(vex_mevent.cpp.obj)
                              C:\Program Files (x86)\VEX Robotics\VEXcode Pro V5\sdk/vexv5\libv5rt.a(vex_controller.cpp.obj) (vex::mevent::mevent(unsigned long, unsigned long))
C:\Program Files (x86)\VEX Robotics\VEXcode Pro V5\sdk/vexv5\libv5rt.a(vex_brain.cpp.obj)
                              build/src/auton.o (vex::brain::resetTimer())
C:\Program Files (x86)\VEX Robotics\VEXcode Pro V5\sdk/vexv5\libv5rt.a(vex_competition.cpp.obj)
                              build/src/main.o (vex::competition::competition())
C:\Program Files (x86)\VEX Robotics\VEXcode Pro V5\sdk/vexv5\libv5rt.a(vex_triport.cpp.obj)
                              C:\Program Files (x86)\VEX Robotics\VEXcode Pro V5\sdk/vexv5\libv5rt.a(vex_brain.cpp.obj) (vex::triport::~triport())
C:\Program Files (x86)\VEX Robotics\VEXcode Pro V5\sdk/vexv5\libv5rt.a(vex_color.cpp.obj)
                              C:\Program Files (x86)\VEX Robotics\VEXcode Pro V5\sdk/vexv5\libv5rt.a(vex_brain.cpp.obj) (vex::color::operator unsigned long() const)
C:\Program Files (x86)\VEX Robotics\VEXcode Pro V5\sdk/vexv5\libv5rt.a(vex_timer.cpp.obj)
                              C:\Program Files (x86)\VEX Robotics\VEXcode Pro V5\sdk/vexv5\libv5rt.a(vex_brain.cpp.obj) (vex::timer::~timer())
C:\Program Files (x86)\VEX Robotics\VEXcode Pro V5\sdk/vexv5\libv5rt.a(v5_apiuser.c.obj)
                              C:\Program Files (x86)\VEX Robotics\VEXcode Pro V5\sdk/vexv5\libv5rt.a(vex_triport.cpp.obj) (vexAdiPortConfigSet)
C:\Program Files (x86)\VEX Robotics\VEXcode Pro V5\sdk/vexv5\libv5rt.a(vex_device.cpp.obj)
                              C:\Program Files (x86)\VEX Robotics\VEXcode Pro V5\sdk/vexv5\libv5rt.a(vex_motor.cpp.obj) (vex::device::~device())
C:\Program Files (x86)\VEX Robotics\VEXcode Pro V5\sdk/vexv5/gcc/libs\libc.a(lib_a-fini.o)
                              C:\Program Files (x86)\VEX Robotics\VEXcode Pro V5\sdk/vexv5\libv5rt.a(v5_startup.c.obj) (__libc_fini_array)
C:\Program Files (x86)\VEX Robotics\VEXcode Pro V5\sdk/vexv5/gcc/libs\libc.a(lib_a-impure.o)
                              C:\Program Files (x86)\VEX Robotics\VEXcode Pro V5\sdk/vexv5\libv5rt.a(v5_startup.c.obj) (_impure_ptr)
C:\Program Files (x86)\VEX Robotics\VEXcode Pro V5\sdk/vexv5/gcc/libs\libc.a(lib_a-init.o)
                              C:\Program Files (x86)\VEX Robotics\VEXcode Pro V5\sdk/vexv5\libv5rt.a(v5_startup.c.obj) (__libc_init_array)
[...]
Memory Configuration

Name             Origin             Length             Attributes
ps7_ddr_0_S_AXI_BASEADDR 0x03800000         0x04800000
*default*        0x00000000         0xffffffff

Linker script and memory map

                0x00002000                _STACK_SIZE = DEFINED (_STACK_SIZE)?_STACK_SIZE:0x2000
                0x00100000                _HEAP_SIZE = DEFINED (_HEAP_SIZE)?_HEAP_SIZE:0x100000
                0x00000400                _ABORT_STACK_SIZE = DEFINED (_ABORT_STACK_SIZE)?_ABORT_STACK_SIZE:0x400
                0x00000800                _SUPERVISOR_STACK_SIZE = DEFINED (_SUPERVISOR_STACK_SIZE)?_SUPERVISOR_STACK_SIZE:0x800
                0x00000400                _IRQ_STACK_SIZE = DEFINED (_IRQ_STACK_SIZE)?_IRQ_STACK_SIZE:0x400
                0x00000400                _FIQ_STACK_SIZE = DEFINED (_FIQ_STACK_SIZE)?_FIQ_STACK_SIZE:0x400
                0x00000400                _UNDEF_STACK_SIZE = DEFINED (_UNDEF_STACK_SIZE)?_UNDEF_STACK_SIZE:0x400

.text           0x03800000     0x7d10
 *(.vectors)
 *(.boot_data)
 .boot_data     0x03800000       0x20 C:\Program Files (x86)\VEX Robotics\VEXcode Pro V5\sdk/vexv5\libv5rt.a(v5_startup.c.obj)
                0x03800000                vexCodeSig
                0x00000020                . = 0x20
 *(.boot)
 .boot          0x03800020       0xbc C:\Program Files (x86)\VEX Robotics\VEXcode Pro V5\sdk/vexv5\libv5rt.a(v5_startup.c.obj)
                0x03800020                vexStartup
                0x03800100                . = ALIGN (0x40)
 *fill*         0x038000dc       0x24 
 *(.freertos_vectors)
 *(.text)
 .text          0x03800100      0x21c C:\Program Files (x86)\VEX Robotics\VEXcode Pro V5\sdk/vexv5/gcc/libs\libgcc.a(_arm_addsubsf3.o)
                0x03800100                __aeabi_frsub
                0x03800108                __subsf3
                0x03800108                __aeabi_fsub
                0x0380010c                __addsf3
                0x0380010c                __aeabi_fadd
                0x0380026c                __aeabi_ui2f
                0x0380026c                __floatunsisf
                0x03800274                __floatsisf
                0x03800274                __aeabi_i2f
                0x03800290                __aeabi_ul2f
                0x03800290                __floatundisf
                0x038002a0                __aeabi_l2f
                0x038002a0                __floatdisf
 *(.text.*)
 *fill*         0x0380031c        0x4 
 .text._Z10FrontLifttfbf
                0x03800320       0xc8 build/src/functions.o
                0x03800320                FrontLiftt(float, bool, float)
 .text._Z9BackLifttfbf
                0x038003e8       0xc8 build/src/functions.o
                0x038003e8                BackLiftt(float, bool, float)
 .text.main     0x038004b0       0x68 build/src/main.o
                0x038004b0                main
 .text._GLOBAL__sub_I_main.cpp
                0x03800518       0x34 build/src/main.o
 *fill*         0x0380054c        0x4 
 .text._Z4Liftv
                0x03800550      0x1d8 build/src/userControl.o
                0x03800550                Lift()
 .text._Z11usercontrolv
                0x03800728      0x340 build/src/userControl.o
                0x03800728                usercontrol()
 .text._Z22advancedAdvancedSkillsv
                0x03800a68      0x60c build/src/auton.o
                0x03800a68                advancedAdvancedSkills()
 .text._Z10autonomousv
                0x03801074       0x1c build/src/auton.o
                0x03801074                autonomous()
 .text._Z11vexcodeInitv
                0x03801090        0x4 build/src/robot-config.o
                0x03801090                vexcodeInit()
 *fill*         0x03801094        0x4 
 .text._GLOBAL__sub_I_robot_config.cpp
                0x03801098      0x318 build/src/robot-config.o
 .text._Z9Calibratev
                0x038013b0      0x1ec build/src/chassi.o
                0x038013b0                Calibrate()
 *fill*         0x0380159c        0x4 
 .text._Z7_Drive_v
                0x038015a0      0x63c build/src/chassi.o
                0x038015a0                _Drive_()
 .text._Z5Driveffbbbbf
                0x03801bdc       0xf8 build/src/chassi.o
                0x03801bdc                Drive(float, float, bool, bool, bool, bool, float)
 *fill*         0x03801cd4        0x4 
 .text._Z9_DriveTo_v
                0x03801cd8      0x714 build/src/chassi.o
                0x03801cd8                _DriveTo_()
 .text._Z7DriveToffffbf
                0x038023ec       0xf4 build/src/chassi.o
                0x038023ec                DriveTo(float, float, float, float, bool, float)
 .text._Z9_Turn_To_v
                0x038024e0      0x848 build/src/chassi.o
                0x038024e0                _Turn_To_()
 .text._ZN3vex5brain3lcd5printIfEEvT_
                0x03802d28       0x3c build/src/chassi.o
                0x03802d28                void vex::brain::lcd::print<float>(float)
 .text._Z6TurnTofffbff
                0x03802d64       0xf4 build/src/chassi.o
                0x03802d64                TurnTo(float, float, float, bool, float, float)
 .text._Z5GPS_Xv
                0x03802e58       0x88 build/src/chassi.o
                0x03802e58                GPS_X()
 .text._Z5GPS_Yv
                0x03802ee0       0x88 build/src/chassi.o
                0x03802ee0                GPS_Y()
 .text._Z5GPS_Hv
                0x03802f68       0xe0 build/src/chassi.o
                0x03802f68                GPS_H()
 .text._Z13ControllerGpsv
                0x03803048       0xb8 build/src/chassi.o
                0x03803048                ControllerGps()
 .text._ZN3vex10controller3lcd5printIfEEvT_
                0x03803100       0x3c build/src/chassi.o
                0x03803100                void vex::controller::lcd::print<float>(float)
 .text._Z8StartGpsv
                0x0380313c       0xa4 build/src/chassi.o
                0x0380313c                StartGps()
 .text._Z6_Turn_v
                0x038031e0      0x438 build/src/chassi.o
                0x038031e0                _Turn_()
 .text._Z4Turnffbf
                0x03803618       0xc8 build/src/chassi.o
                0x03803618                Turn(float, float, bool, float)
 .text._Z12TurnAndDrivefffffbbff
                0x038036e0       0x7c build/src/chassi.o
                0x038036e0                TurnAndDrive(float, float, float, float, float, bool, bool, float, float)
 .text._GLOBAL__sub_I_chassi.cpp
                0x0380375c       0xdc build/src/chassi.o
 .text._Z10selectModev
                0x03803838      0x25c build/src/preauton.o
                0x03803838                selectMode()
 .text._Z14selectAlliancev
                0x03803a94      0x1f0 build/src/preauton.o
                0x03803a94                selectAlliance()
 .text._Z10selectSidev
                0x03803c84      0x1c4 build/src/preauton.o
                0x03803c84                selectSide()
 .text._Z9pre_autonv
                0x03803e48      0x168 build/src/preauton.o
                0x03803e48                pre_auton()
 .text.vexMain  0x03803fb0       0xb0 C:\Program Files (x86)\VEX Robotics\VEXcode Pro V5\sdk/vexv5\libv5rt.a(v5_startup.c.obj)
                0x03803fb0                vexMain
 .text.__vex_function_prolog
                0x03804060       0x18 C:\Program Files (x86)\VEX Robotics\VEXcode Pro V5\sdk/vexv5\libv5rt.a(v5_startup.c.obj)
                0x03804060                __vex_function_prolog
 .text._init    0x03804078        0x4 C:\Program Files (x86)\VEX Robotics\VEXcode Pro V5\sdk/vexv5\libv5rt.a(v5_startup.c.obj)
                0x03804078                _init
 .text._fini    0x0380407c        0x4 C:\Program Files (x86)\VEX Robotics\VEXcode Pro V5\sdk/vexv5\libv5rt.a(v5_startup.c.obj)
                0x0380407c                _fini
 .text.vexStdlibVersionLinked
                0x03804080        0xc C:\Program Files (x86)\VEX Robotics\VEXcode Pro V5\sdk/vexv5\libv5rt.a(v5_util.c.obj)
                0x03804080                vexStdlibVersionLinked
 .text.vexStdlibVersionVerify
                0x0380408c       0x30 C:\Program Files (x86)\VEX Robotics\VEXcode Pro V5\sdk/vexv5\libv5rt.a(v5_util.c.obj)
                0x0380408c                vexStdlibVersionVerify
 .text.vexPrivateApiEnable
                0x038040bc       0x10 C:\Program Files (x86)\VEX Robotics\VEXcode Pro V5\sdk/vexv5\libv5rt.a(v5_apijump.c.obj)
                0x038040bc                vexPrivateApiEnable
 .text.vexStdlibMismatchError
                0x038040cc       0x3c C:\Program Files (x86)\VEX Robotics\VEXcode Pro V5\sdk/vexv5\libv5rt.a(v5_apijump.c.obj)
                0x038040cc                vexStdlibMismatchError
 .text.vexTaskAdd
                0x03804108       0x10 C:\Program Files (x86)\VEX Robotics\VEXcode Pro V5\sdk/vexv5\libv5rt.a(v5_apijump.c.obj)
                0x03804108                vexTaskAdd
 .text.vexTasksRun
                0x03804118       0x10 C:\Program Files (x86)\VEX Robotics\VEXcode Pro V5\sdk/vexv5\libv5rt.a(v5_apijump.c.obj)
                0x03804118                vexTasksRun
 .text.vexTaskYield
                0x03804128       0x10 C:\Program Files (x86)\VEX Robotics\VEXcode Pro V5\sdk/vexv5\libv5rt.a(v5_apijump.c.obj)
                0x03804128                vexTaskYield
 .text.vexTaskCheckTimeslice
                0x03804138       0x10 C:\Program Files (x86)\VEX Robotics\VEXcode Pro V5\sdk/vexv5\libv5rt.a(v5_apijump.c.obj)
                0x03804138                vexTaskCheckTimeslice
 .text.vexTaskGetIndex
                0x03804148       0x10 C:\Program Files (x86)\VEX Robotics\VEXcode Pro V5\sdk/vexv5\libv5rt.a(v5_apijump.c.obj)
                0x03804148                vexTaskGetIndex
 .text.vexTaskSleep
                0x03804158       0x10 C:\Program Files (x86)\VEX Robotics\VEXcode Pro V5\sdk/vexv5\libv5rt.a(v5_apijump.c.obj)
                0x03804158                vexTaskSleep
 .text.vexTasksDump
                0x03804168       0x1c C:\Program Files (x86)\VEX Robotics\VEXcode Pro V5\sdk/vexv5\libv5rt.a(v5_apijump.c.obj)
                0x03804168                vexTasksDump
 .text.vexTaskGetTaskIndex
                0x03804184       0x10 C:\Program Files (x86)\VEX Robotics\VEXcode Pro V5\sdk/vexv5\libv5rt.a(v5_apijump.c.obj)
                0x03804184                vexTaskGetTaskIndex
 .text.vexTaskStopAll
                0x03804194       0x10 C:\Program Files (x86)\VEX Robotics\VEXcode Pro V5\sdk/vexv5\libv5rt.a(v5_apijump.c.obj)
                0x03804194                vexTaskStopAll
 .text.vexTaskRemoveAllUser
                0x038041a4       0x34 C:\Program Files (x86)\VEX Robotics\VEXcode Pro V5\sdk/vexv5\libv5rt.a(v5_apijump.c.obj)
                0x038041a4                vexTaskRemoveAllUser
 .text.vexTaskCompletionIdSet
                0x038041d8       0x10 C:\Program Files (x86)\VEX Robotics\VEXcode Pro V5\sdk/vexv5\libv5rt.a(v5_apijump.c.obj)
                0x038041d8                vexTaskCompletionIdSet
 .text.vexTaskStopWithId
                0x038041e8       0x10 C:\Program Files (x86)\VEX Robotics\VEXcode Pro V5\sdk/vexv5\libv5rt.a(v5_apijump.c.obj)
                0x038041e8                vexTaskStopWithId
 .text.vexTaskGetCallbackAndId
                0x038041f8       0x54 C:\Program Files (x86)\VEX Robotics\VEXcode Pro V5\sdk/vexv5\libv5rt.a(v5_apijump.c.obj)
                0x038041f8                vexTaskGetCallbackAndId
 .text.vexCriticalSection
                0x0380424c       0x2c C:\Program Files (x86)\VEX Robotics\VEXcode Pro V5\sdk/vexv5\libv5rt.a(v5_apijump.c.obj)
                0x0380424c                vexCriticalSection
 .text.vexEventAdd
                0x03804278       0x34 C:\Program Files (x86)\VEX Robotics\VEXcode Pro V5\sdk/vexv5\libv5rt.a(v5_apijump.c.obj)
                0x03804278                vexEventAdd
 .text.vexEventUserIndexGet
                0x038042ac       0x1c C:\Program Files (x86)\VEX Robotics\VEXcode Pro V5\sdk/vexv5\libv5rt.a(v5_apijump.c.obj)
                0x038042ac                vexEventUserIndexGet
 .text.vexEventAddWithArg
                0x038042c8       0x3c C:\Program Files (x86)\VEX Robotics\VEXcode Pro V5\sdk/vexv5\libv5rt.a(v5_apijump.c.obj)
                0x038042c8                vexEventAddWithArg
 .text.vexEventsCleanup
                0x03804304       0x2c C:\Program Files (x86)\VEX Robotics\VEXcode Pro V5\sdk/vexv5\libv5rt.a(v5_apijump.c.obj)
                0x03804304                vexEventsCleanup
 .text.vexDebug
                0x03804330       0x38 C:\Program Files (x86)\VEX Robotics\VEXcode Pro V5\sdk/vexv5\libv5rt.a(v5_apijump.c.obj)
                0x03804330                vexDebug
 .text.vex_sprintf
                0x03804368       0x40 C:\Program Files (x86)\VEX Robotics\VEXcode Pro V5\sdk/vexv5\libv5rt.a(v5_apijump.c.obj)
                0x03804368                vex_sprintf
 .text.vex_vsnprintf
                0x038043a8       0x3c C:\Program Files (x86)\VEX Robotics\VEXcode Pro V5\sdk/vexv5\libv5rt.a(v5_apijump.c.obj)
                0x038043a8                vex_vsnprintf
 .text.vexSystemTimeGet
                0x038043e4       0x1c C:\Program Files (x86)\VEX Robotics\VEXcode Pro V5\sdk/vexv5\libv5rt.a(v5_apijump.c.obj)
                0x038043e4                vexSystemTimeGet
 .text.vexSystemExitRequest
                0x03804400       0x1c C:\Program Files (x86)\VEX Robotics\VEXcode Pro V5\sdk/vexv5\libv5rt.a(v5_apijump.c.obj)
                0x03804400                vexSystemExitRequest
 .text.vexSystemHighResTimeGet
                0x0380441c       0x38 C:\Program Files (x86)\VEX Robotics\VEXcode Pro V5\sdk/vexv5\libv5rt.a(v5_apijump.c.obj)
                0x0380441c                vexSystemHighResTimeGet
 .text.vexDeviceGetByIndex
                0x03804454       0x24 C:\Program Files (x86)\VEX Robotics\VEXcode Pro V5\sdk/vexv5\libv5rt.a(v5_apijump.c.obj)
                0x03804454                vexDeviceGetByIndex
 .text.vexControllerGet
                0x03804478       0x2c C:\Program Files (x86)\VEX Robotics\VEXcode Pro V5\sdk/vexv5\libv5rt.a(v5_apijump.c.obj)
                0x03804478                vexControllerGet
 .text.vexControllerTextSet
                0x038044a4       0x74 C:\Program Files (x86)\VEX Robotics\VEXcode Pro V5\sdk/vexv5\libv5rt.a(v5_apijump.c.obj)
                0x038044a4                vexControllerTextSet
 .text.vexDeviceAdiPortConfigSet
                0x03804518       0x34 C:\Program Files (x86)\VEX Robotics\VEXcode Pro V5\sdk/vexv5\libv5rt.a(v5_apijump.c.obj)
                0x03804518                vexDeviceAdiPortConfigSet
 .text.vexDeviceAdiPortConfigGet
                0x0380454c       0x2c C:\Program Files (x86)\VEX Robotics\VEXcode Pro V5\sdk/vexv5\libv5rt.a(v5_apijump.c.obj)
                0x0380454c                vexDeviceAdiPortConfigGet
 .text.vexDeviceAdiValueSet
                0x03804578       0x34 C:\Program Files (x86)\VEX Robotics\VEXcode Pro V5\sdk/vexv5\libv5rt.a(v5_apijump.c.obj)
                0x03804578                vexDeviceAdiValueSet
 .text.vexDeviceAdiValueGet
                0x038045ac       0x2c C:\Program Files (x86)\VEX Robotics\VEXcode Pro V5\sdk/vexv5\libv5rt.a(v5_apijump.c.obj)
                0x038045ac                vexDeviceAdiValueGet
 .text.vexDeviceMotorVelocitySet
                0x038045d8       0x2c C:\Program Files (x86)\VEX Robotics\VEXcode Pro V5\sdk/vexv5\libv5rt.a(v5_apijump.c.obj)
                0x038045d8                vexDeviceMotorVelocitySet
 .text.vexDeviceMotorVoltageSet
                0x03804604       0x2c C:\Program Files (x86)\VEX Robotics\VEXcode Pro V5\sdk/vexv5\libv5rt.a(v5_apijump.c.obj)
                0x03804604                vexDeviceMotorVoltageSet
 .text.vexDeviceMotorActualVelocityGet
                0x03804630       0x24 C:\Program Files (x86)\VEX Robotics\VEXcode Pro V5\sdk/vexv5\libv5rt.a(v5_apijump.c.obj)
                0x03804630                vexDeviceMotorActualVelocityGet
 .text.vexDeviceMotorZeroPositionFlagGet
                0x03804654       0x24 C:\Program Files (x86)\VEX Robotics\VEXcode Pro V5\sdk/vexv5\libv5rt.a(v5_apijump.c.obj)
                0x03804654                vexDeviceMotorZeroPositionFlagGet
 .text.vexDeviceMotorReverseFlagSet
                0x03804678       0x2c C:\Program Files (x86)\VEX Robotics\VEXcode Pro V5\sdk/vexv5\libv5rt.a(v5_apijump.c.obj)
                0x03804678                vexDeviceMotorReverseFlagSet
 .text.vexDeviceMotorEncoderUnitsSet
                0x038046a4       0x2c C:\Program Files (x86)\VEX Robotics\VEXcode Pro V5\sdk/vexv5\libv5rt.a(v5_apijump.c.obj)
                0x038046a4                vexDeviceMotorEncoderUnitsSet
 .text.vexDeviceMotorBrakeModeSet
                0x038046d0       0x2c C:\Program Files (x86)\VEX Robotics\VEXcode Pro V5\sdk/vexv5\libv5rt.a(v5_apijump.c.obj)
                0x038046d0                vexDeviceMotorBrakeModeSet
 .text.vexDeviceMotorPositionSet
                0x038046fc       0x34 C:\Program Files (x86)\VEX Robotics\VEXcode Pro V5\sdk/vexv5\libv5rt.a(v5_apijump.c.obj)
                0x038046fc                vexDeviceMotorPositionSet
 .text.vexDeviceMotorPositionGet
                0x03804730       0x24 C:\Program Files (x86)\VEX Robotics\VEXcode Pro V5\sdk/vexv5\libv5rt.a(v5_apijump.c.obj)
                0x03804730                vexDeviceMotorPositionGet
 .text.vexDeviceMotorRelativeTargetSet
                0x03804754       0x3c C:\Program Files (x86)\VEX Robotics\VEXcode Pro V5\sdk/vexv5\libv5rt.a(v5_apijump.c.obj)
                0x03804754                vexDeviceMotorRelativeTargetSet
 .text.vexDeviceMotorGearingSet
                0x03804790       0x2c C:\Program Files (x86)\VEX Robotics\VEXcode Pro V5\sdk/vexv5\libv5rt.a(v5_apijump.c.obj)
                0x03804790                vexDeviceMotorGearingSet
 .text.vexDeviceMotorGearingGet
                0x038047bc       0x24 C:\Program Files (x86)\VEX Robotics\VEXcode Pro V5\sdk/vexv5\libv5rt.a(v5_apijump.c.obj)
                0x038047bc                vexDeviceMotorGearingGet
 .text.vexDeviceImuReset
                0x038047e0       0x24 C:\Program Files (x86)\VEX Robotics\VEXcode Pro V5\sdk/vexv5\libv5rt.a(v5_apijump.c.obj)
                0x038047e0                vexDeviceImuReset
 .text.vexDeviceImuHeadingGet
                0x03804804       0x24 C:\Program Files (x86)\VEX Robotics\VEXcode Pro V5\sdk/vexv5\libv5rt.a(v5_apijump.c.obj)
                0x03804804                vexDeviceImuHeadingGet
 .text.vexDeviceImuDegreesGet
                0x03804828       0x24 C:\Program Files (x86)\VEX Robotics\VEXcode Pro V5\sdk/vexv5\libv5rt.a(v5_apijump.c.obj)
                0x03804828                vexDeviceImuDegreesGet
 .text.vexDeviceImuStatusGet
                0x0380484c       0x24 C:\Program Files (x86)\VEX Robotics\VEXcode Pro V5\sdk/vexv5\libv5rt.a(v5_apijump.c.obj)
                0x0380484c                vexDeviceImuStatusGet
 .text.vexDeviceGpsReset
                0x03804870       0x38 C:\Program Files (x86)\VEX Robotics\VEXcode Pro V5\sdk/vexv5\libv5rt.a(v5_apijump.c.obj)
                0x03804870                vexDeviceGpsReset
 .text.vexDeviceGpsHeadingGet
                0x038048a8       0x44 C:\Program Files (x86)\VEX Robotics\VEXcode Pro V5\sdk/vexv5\libv5rt.a(v5_apijump.c.obj)
                0x038048a8                vexDeviceGpsHeadingGet
 .text.vexDeviceGpsDegreesGet
                0x038048ec       0x44 C:\Program Files (x86)\VEX Robotics\VEXcode Pro V5\sdk/vexv5\libv5rt.a(v5_apijump.c.obj)
                0x038048ec                vexDeviceGpsDegreesGet
 .text.vexDeviceGpsAttitudeGet
                0x03804930      0x198 C:\Program Files (x86)\VEX Robotics\VEXcode Pro V5\sdk/vexv5\libv5rt.a(v5_apijump.c.obj)
                0x03804930                vexDeviceGpsAttitudeGet
 .text.vexDeviceGpsStatusGet
                0x03804ac8       0x40 C:\Program Files (x86)\VEX Robotics\VEXcode Pro V5\sdk/vexv5\libv5rt.a(v5_apijump.c.obj)
                0x03804ac8                vexDeviceGpsStatusGet
 .text.vexDeviceGpsModeSet
                0x03804b08       0x40 C:\Program Files (x86)\VEX Robotics\VEXcode Pro V5\sdk/vexv5\libv5rt.a(v5_apijump.c.obj)
                0x03804b08                vexDeviceGpsModeSet
 .text.vexDeviceGpsOriginSet
                0x03804b48       0x50 C:\Program Files (x86)\VEX Robotics\VEXcode Pro V5\sdk/vexv5\libv5rt.a(v5_apijump.c.obj)
                0x03804b48                vexDeviceGpsOriginSet
 .text.vexDeviceGpsRotationSet
                0x03804b98       0x48 C:\Program Files (x86)\VEX Robotics\VEXcode Pro V5\sdk/vexv5\libv5rt.a(v5_apijump.c.obj)
                0x03804b98                vexDeviceGpsRotationSet
 .text.vexDeviceGpsRotationGet
                0x03804be0       0x44 C:\Program Files (x86)\VEX Robotics\VEXcode Pro V5\sdk/vexv5\libv5rt.a(v5_apijump.c.obj)
                0x03804be0                vexDeviceGpsRotationGet
 .text.vexDisplayForegroundColor
                0x03804c24       0x24 C:\Program Files (x86)\VEX Robotics\VEXcode Pro V5\sdk/vexv5\libv5rt.a(v5_apijump.c.obj)
                0x03804c24                vexDisplayForegroundColor
 .text.vexDisplayBackgroundColor
                0x03804c48       0x24 C:\Program Files (x86)\VEX Robotics\VEXcode Pro V5\sdk/vexv5\libv5rt.a(v5_apijump.c.obj)
                0x03804c48                vexDisplayBackgroundColor
 .text.vexDisplayBackgroundColorGet
                0x03804c6c       0x1c C:\Program Files (x86)\VEX Robotics\VEXcode Pro V5\sdk/vexv5\libv5rt.a(v5_apijump.c.obj)
                0x03804c6c                vexDisplayBackgroundColorGet
 .text.vexDisplayRectDraw
                0x03804c88       0x4c C:\Program Files (x86)\VEX Robotics\VEXcode Pro V5\sdk/vexv5\libv5rt.a(v5_apijump.c.obj)
                0x03804c88                vexDisplayRectDraw
 .text.vexDisplayRectClear
                0x03804cd4       0x4c C:\Program Files (x86)\VEX Robotics\VEXcode Pro V5\sdk/vexv5\libv5rt.a(v5_apijump.c.obj)
                0x03804cd4                vexDisplayRectClear
 .text.vexDisplayCircleDraw
                0x03804d20       0x40 C:\Program Files (x86)\VEX Robotics\VEXcode Pro V5\sdk/vexv5\libv5rt.a(v5_apijump.c.obj)
                0x03804d20                vexDisplayCircleDraw
 .text.vexDisplayCircleClear
                0x03804d60       0x40 C:\Program Files (x86)\VEX Robotics\VEXcode Pro V5\sdk/vexv5\libv5rt.a(v5_apijump.c.obj)
                0x03804d60                vexDisplayCircleClear
 .text.vexDisplayVPrintf
                0x03804da0       0x50 C:\Program Files (x86)\VEX Robotics\VEXcode Pro V5\sdk/vexv5\libv5rt.a(v5_apijump.c.obj)
                0x03804da0                vexDisplayVPrintf
 .text.vexDisplayTextReference
                0x03804df0       0x24 C:\Program Files (x86)\VEX Robotics\VEXcode Pro V5\sdk/vexv5\libv5rt.a(v5_apijump.c.obj)
                0x03804df0                vexDisplayTextReference
 .text.vexDisplayTextSize
                0x03804e14       0x2c C:\Program Files (x86)\VEX Robotics\VEXcode Pro V5\sdk/vexv5\libv5rt.a(v5_apijump.c.obj)
                0x03804e14                vexDisplayTextSize
 .text.vexDisplayFontNamedSet
                0x03804e40       0x24 C:\Program Files (x86)\VEX Robotics\VEXcode Pro V5\sdk/vexv5\libv5rt.a(v5_apijump.c.obj)
                0x03804e40                vexDisplayFontNamedSet
 .text.vexDisplayStringWidthGet
                0x03804e64       0x24 C:\Program Files (x86)\VEX Robotics\VEXcode Pro V5\sdk/vexv5\libv5rt.a(v5_apijump.c.obj)
                0x03804e64                vexDisplayStringWidthGet
 .text.vexDisplayPenSizeGet
                0x03804e88       0x1c C:\Program Files (x86)\VEX Robotics\VEXcode Pro V5\sdk/vexv5\libv5rt.a(v5_apijump.c.obj)
                0x03804e88                vexDisplayPenSizeGet
 .text.vexSystemStdlibImpureDataAddr
                0x03804ea4       0x28 C:\Program Files (x86)\VEX Robotics\VEXcode Pro V5\sdk/vexv5\libv5rt.a(v5_apijump.c.obj)
                0x03804ea4                vexSystemStdlibImpureDataAddr
 .text.vexSystemStdlibImpureDataSize
                0x03804ecc       0x28 C:\Program Files (x86)\VEX Robotics\VEXcode Pro V5\sdk/vexv5\libv5rt.a(v5_apijump.c.obj)
                0x03804ecc                vexSystemStdlibImpureDataSize
 .text.vexSystemSaveUserData
                0x03804ef4       0x3c C:\Program Files (x86)\VEX Robotics\VEXcode Pro V5\sdk/vexv5\libv5rt.a(v5_apijump.c.obj)
                0x03804ef4                vexSystemSaveUserData
 .text.vexTouchDataGet
                0x03804f30       0x10 C:\Program Files (x86)\VEX Robotics\VEXcode Pro V5\sdk/vexv5\libv5rt.a(v5_apijump.c.obj)
                0x03804f30                vexTouchDataGet
 .text.vexDisplayThemeIdGet
                0x03804f40       0x38 C:\Program Files (x86)\VEX Robotics\VEXcode Pro V5\sdk/vexv5\libv5rt.a(v5_apijump.c.obj)
                0x03804f40                vexDisplayThemeIdGet
 .text.vexDeviceEventMaskSet
                0x03804f78       0x48 C:\Program Files (x86)\VEX Robotics\VEXcode Pro V5\sdk/vexv5\libv5rt.a(v5_apijump.c.obj)
                0x03804f78                vexDeviceEventMaskSet
 .text.vexDeviceEventMaskGet
                0x03804fc0       0x3c C:\Program Files (x86)\VEX Robotics\VEXcode Pro V5\sdk/vexv5\libv5rt.a(v5_apijump.c.obj)
                0x03804fc0                vexDeviceEventMaskGet
 .text.vexSystemVersion
                0x03804ffc       0x10 C:\Program Files (x86)\VEX Robotics\VEXcode Pro V5\sdk/vexv5\libv5rt.a(v5_apiversions.c.obj)
                0x03804ffc                vexSystemVersion
 .text.vexStdlibVersion
                0x0380500c       0x10 C:\Program Files (x86)\VEX Robotics\VEXcode Pro V5\sdk/vexv5\libv5rt.a(v5_apiversions.c.obj)
                0x0380500c                vexStdlibVersion
 *fill*         0x0380501c        0x4 
 .text._ZN3vex4waitEdNS_9timeUnitsE
                0x03805020       0x30 C:\Program Files (x86)\VEX Robotics\VEXcode Pro V5\sdk/vexv5\libv5rt.a(vex_global.cpp.obj)
                0x03805020                vex::wait(double, vex::timeUnits)
 .text._ZN3vex5motorD2Ev
                0x03805050       0x20 C:\Program Files (x86)\VEX Robotics\VEXcode Pro V5\sdk/vexv5\libv5rt.a(vex_motor.cpp.obj)
                0x03805050                vex::motor::~motor()
                0x03805050                vex::motor::~motor()
 .text._ZN3vex5motorD0Ev
                0x03805070       0x1c C:\Program Files (x86)\VEX Robotics\VEXcode Pro V5\sdk/vexv5\libv5rt.a(vex_motor.cpp.obj)
                0x03805070                vex::motor::~motor()
 .text._ZN3vex5motor9installedEv
                0x0380508c       0x18 C:\Program Files (x86)\VEX Robotics\VEXcode Pro V5\sdk/vexv5\libv5rt.a(vex_motor.cpp.obj)
                0x0380508c                vex::motor::installed()
 .text._ZN3vex5motor15defaultStoppingENS_9brakeTypeE
                0x038050a4       0x30 C:\Program Files (x86)\VEX Robotics\VEXcode Pro V5\sdk/vexv5\libv5rt.a(vex_motor.cpp.obj)
                0x038050a4                vex::motor::defaultStopping(vex::brakeType)
 .text._ZN3vex5motor11setStoppingENS_9brakeTypeE
                0x038050d4        0x4 C:\Program Files (x86)\VEX Robotics\VEXcode Pro V5\sdk/vexv5\libv5rt.a(vex_motor.cpp.obj)
                0x038050d4                vex::motor::setStopping(vex::brakeType)
 .text._ZN3vex5motorC2El
                0x038050d8       0x78 C:\Program Files (x86)\VEX Robotics\VEXcode Pro V5\sdk/vexv5\libv5rt.a(vex_motor.cpp.obj)
                0x038050d8                vex::motor::motor(long)
                0x038050d8                vex::motor::motor(long)
 .text._ZN3vex5motorC2ElNS_11gearSettingEb
                0x03805150       0x34 C:\Program Files (x86)\VEX Robotics\VEXcode Pro V5\sdk/vexv5\libv5rt.a(vex_motor.cpp.obj)
                0x03805150                vex::motor::motor(long, vex::gearSetting, bool)
                0x03805150                vex::motor::motor(long, vex::gearSetting, bool)
 *fill*         0x03805184        0x4 
 .text._ZN3vex5motor4spinENS_13directionTypeEdNS_12voltageUnitsE
                0x03805188       0x50 C:\Program Files (x86)\VEX Robotics\VEXcode Pro V5\sdk/vexv5\libv5rt.a(vex_motor.cpp.obj)
                0x03805188                vex::motor::spin(vex::directionType, double, vex::voltageUnits)
 .text._ZN3vex5motor4stopENS_9brakeTypeE
                0x038051d8       0x30 C:\Program Files (x86)\VEX Robotics\VEXcode Pro V5\sdk/vexv5\libv5rt.a(vex_motor.cpp.obj)
                0x038051d8                vex::motor::stop(vex::brakeType)
 .text._ZN3vex5motor4stopEv
                0x03805208        0x8 C:\Program Files (x86)\VEX Robotics\VEXcode Pro V5\sdk/vexv5\libv5rt.a(vex_motor.cpp.obj)
                0x03805208                vex::motor::stop()
 .text._ZN3vex5motor16velocityToScaledEdNS_13velocityUnitsE
                0x03805210       0x5c C:\Program Files (x86)\VEX Robotics\VEXcode Pro V5\sdk/vexv5\libv5rt.a(vex_motor.cpp.obj)
                0x03805210                vex::motor::velocityToScaled(double, vex::velocityUnits)
 .text._ZN3vex5motor8velocityENS_13velocityUnitsE
                0x0380526c       0x30 C:\Program Files (x86)\VEX Robotics\VEXcode Pro V5\sdk/vexv5\libv5rt.a(vex_motor.cpp.obj)
                0x0380526c                vex::motor::velocity(vex::velocityUnits)
 .text._ZN3vex5motor5valueEv
                0x0380529c       0x1c C:\Program Files (x86)\VEX Robotics\VEXcode Pro V5\sdk/vexv5\libv5rt.a(vex_motor.cpp.obj)
                0x0380529c                vex::motor::value()
 .text._ZN3vex5motor16scaledToVelocityEdNS_13velocityUnitsE
                0x038052b8       0xa4 C:\Program Files (x86)\VEX Robotics\VEXcode Pro V5\sdk/vexv5\libv5rt.a(vex_motor.cpp.obj)
                0x038052b8                vex::motor::scaledToVelocity(double, vex::velocityUnits)
 .text._ZN3vex5motor4spinENS_13directionTypeEdNS_13velocityUnitsE
                0x0380535c       0x5c C:\Program Files (x86)\VEX Robotics\VEXcode Pro V5\sdk/vexv5\libv5rt.a(vex_motor.cpp.obj)
                0x0380535c                vex::motor::spin(vex::directionType, double, vex::velocityUnits)
 .text._ZN3vex5motor4spinENS_13directionTypeE
                0x038053b8       0x28 C:\Program Files (x86)\VEX Robotics\VEXcode Pro V5\sdk/vexv5\libv5rt.a(vex_motor.cpp.obj)
                0x038053b8                vex::motor::spin(vex::directionType)
 .text._ZN3vex5motor11setVelocityEdNS_13velocityUnitsE
                0x038053e0       0x54 C:\Program Files (x86)\VEX Robotics\VEXcode Pro V5\sdk/vexv5\libv5rt.a(vex_motor.cpp.obj)
                0x038053e0                vex::motor::setVelocity(double, vex::velocityUnits)
 .text._ZN3vex5motor16setRotationUnitsENS_13rotationUnitsE
                0x03805434       0x1c C:\Program Files (x86)\VEX Robotics\VEXcode Pro V5\sdk/vexv5\libv5rt.a(vex_motor.cpp.obj)
                0x03805434                vex::motor::setRotationUnits(vex::rotationUnits)
 .text._ZN3vex5motor11setRotationEdNS_13rotationUnitsE
                0x03805450       0x44 C:\Program Files (x86)\VEX Robotics\VEXcode Pro V5\sdk/vexv5\libv5rt.a(vex_motor.cpp.obj)
                0x03805450                vex::motor::setRotation(double, vex::rotationUnits)
 .text._ZN3vex5motor11setPositionEdNS_13rotationUnitsE
                0x03805494        0x4 C:\Program Files (x86)\VEX Robotics\VEXcode Pro V5\sdk/vexv5\libv5rt.a(vex_motor.cpp.obj)
                0x03805494                vex::motor::setPosition(double, vex::rotationUnits)
 .text._ZN3vex5motor9rotateForEdNS_13rotationUnitsEdNS_13velocityUnitsEb
                0x03805498       0xe0 C:\Program Files (x86)\VEX Robotics\VEXcode Pro V5\sdk/vexv5\libv5rt.a(vex_motor.cpp.obj)
                0x03805498                vex::motor::rotateFor(double, vex::rotationUnits, double, vex::velocityUnits, bool)
 .text._ZN3vex5motor7spinForENS_13directionTypeEdNS_13rotationUnitsEb
                0x03805578       0x3c C:\Program Files (x86)\VEX Robotics\VEXcode Pro V5\sdk/vexv5\libv5rt.a(vex_motor.cpp.obj)
                0x03805578                vex::motor::spinFor(vex::directionType, double, vex::rotationUnits, bool)
 .text._ZN3vex5motor8rotationENS_13rotationUnitsE
                0x038055b4       0x44 C:\Program Files (x86)\VEX Robotics\VEXcode Pro V5\sdk/vexv5\libv5rt.a(vex_motor.cpp.obj)
                0x038055b4                vex::motor::rotation(vex::rotationUnits)
 .text._ZN3vex5motor8positionENS_13rotationUnitsE
                0x038055f8        0x4 C:\Program Files (x86)\VEX Robotics\VEXcode Pro V5\sdk/vexv5\libv5rt.a(vex_motor.cpp.obj)
                0x038055f8                vex::motor::position(vex::rotationUnits)
 *fill*         0x038055fc        0x4 
 .text._ZN3vex8inertial10setHeadingEdNS_13rotationUnitsE
                0x03805600       0x58 C:\Program Files (x86)\VEX Robotics\VEXcode Pro V5\sdk/vexv5\libv5rt.a(vex_imu.cpp.obj)
                0x03805600                vex::inertial::setHeading(double, vex::rotationUnits)
 .text._ZThn16_N3vex8inertial10setHeadingEdNS_13rotationUnitsE
                0x03805658        0x8 C:\Program Files (x86)\VEX Robotics\VEXcode Pro V5\sdk/vexv5\libv5rt.a(vex_imu.cpp.obj)
                0x03805658                non-virtual thunk to vex::inertial::setHeading(double, vex::rotationUnits)
 .text._ZN3vex8inertial11setRotationEdNS_13rotationUnitsE
                0x03805660       0x58 C:\Program Files (x86)\VEX Robotics\VEXcode Pro V5\sdk/vexv5\libv5rt.a(vex_imu.cpp.obj)
                0x03805660                vex::inertial::setRotation(double, vex::rotationUnits)
 .text._ZThn16_N3vex8inertial11setRotationEdNS_13rotationUnitsE
                0x038056b8        0x8 C:\Program Files (x86)\VEX Robotics\VEXcode Pro V5\sdk/vexv5\libv5rt.a(vex_imu.cpp.obj)
                0x038056b8                non-virtual thunk to vex::inertial::setRotation(double, vex::rotationUnits)
 .text._ZN3vex8inertialD2Ev
                0x038056c0       0x20 C:\Program Files (x86)\VEX Robotics\VEXcode Pro V5\sdk/vexv5\libv5rt.a(vex_imu.cpp.obj)
                0x038056c0                vex::inertial::~inertial()
                0x038056c0                vex::inertial::~inertial()
 .text._ZThn16_N3vex8inertialD1Ev
                0x038056e0        0x8 C:\Program Files (x86)\VEX Robotics\VEXcode Pro V5\sdk/vexv5\libv5rt.a(vex_imu.cpp.obj)
                0x038056e0                non-virtual thunk to vex::inertial::~inertial()
 .text._ZN3vex8inertialD0Ev
                0x038056e8       0x1c C:\Program Files (x86)\VEX Robotics\VEXcode Pro V5\sdk/vexv5\libv5rt.a(vex_imu.cpp.obj)
                0x038056e8                vex::inertial::~inertial()
 .text._ZThn16_N3vex8inertialD0Ev
                0x03805704        0x8 C:\Program Files (x86)\VEX Robotics\VEXcode Pro V5\sdk/vexv5\libv5rt.a(vex_imu.cpp.obj)
                0x03805704                non-virtual thunk to vex::inertial::~inertial()
 .text._ZN3vex8inertial9installedEv
                0x0380570c       0x18 C:\Program Files (x86)\VEX Robotics\VEXcode Pro V5\sdk/vexv5\libv5rt.a(vex_imu.cpp.obj)
                0x0380570c                vex::inertial::installed()
 .text._ZN3vex8inertial5angleENS_13rotationUnitsE
                0x03805724       0x60 C:\Program Files (x86)\VEX Robotics\VEXcode Pro V5\sdk/vexv5\libv5rt.a(vex_imu.cpp.obj)
                0x03805724                vex::inertial::angle(vex::rotationUnits)
 .text._ZThn16_N3vex8inertial5angleENS_13rotationUnitsE
                0x03805784        0x8 C:\Program Files (x86)\VEX Robotics\VEXcode Pro V5\sdk/vexv5\libv5rt.a(vex_imu.cpp.obj)
                0x03805784                non-virtual thunk to vex::inertial::angle(vex::rotationUnits)
 .text._ZN3vex8inertial7headingENS_13rotationUnitsE
                0x0380578c        0x4 C:\Program Files (x86)\VEX Robotics\VEXcode Pro V5\sdk/vexv5\libv5rt.a(vex_imu.cpp.obj)
                0x0380578c                vex::inertial::heading(vex::rotationUnits)
 .text._ZThn16_N3vex8inertial7headingENS_13rotationUnitsE
                0x03805790        0x8 C:\Program Files (x86)\VEX Robotics\VEXcode Pro V5\sdk/vexv5\libv5rt.a(vex_imu.cpp.obj)
                0x03805790                non-virtual thunk to vex::inertial::heading(vex::rotationUnits)
 .text._ZN3vex8inertial5valueEv
                0x03805798       0x1c C:\Program Files (x86)\VEX Robotics\VEXcode Pro V5\sdk/vexv5\libv5rt.a(vex_imu.cpp.obj)
                0x03805798                vex::inertial::value()
 *fill*         0x038057b4        0x4 
 .text._ZN3vex8inertial8rotationENS_13rotationUnitsE
                0x038057b8       0x40 C:\Program Files (x86)\VEX Robotics\VEXcode Pro V5\sdk/vexv5\libv5rt.a(vex_imu.cpp.obj)
                0x038057b8                vex::inertial::rotation(vex::rotationUnits)
 .text._ZThn16_N3vex8inertial8rotationENS_13rotationUnitsE
                0x038057f8        0x8 C:\Program Files (x86)\VEX Robotics\VEXcode Pro V5\sdk/vexv5\libv5rt.a(vex_imu.cpp.obj)
                0x038057f8                non-virtual thunk to vex::inertial::rotation(vex::rotationUnits)
 .text._ZN3vex8inertial13isCalibratingEv
                0x03805800       0x38 C:\Program Files (x86)\VEX Robotics\VEXcode Pro V5\sdk/vexv5\libv5rt.a(vex_imu.cpp.obj)
                0x03805800                vex::inertial::isCalibrating()
 .text._ZThn16_N3vex8inertial13isCalibratingEv
                0x03805838        0x8 C:\Program Files (x86)\VEX Robotics\VEXcode Pro V5\sdk/vexv5\libv5rt.a(vex_imu.cpp.obj)
                0x03805838                non-virtual thunk to vex::inertial::isCalibrating()
 .text._ZN3vex8inertialC2El
                0x03805840       0x48 C:\Program Files (x86)\VEX Robotics\VEXcode Pro V5\sdk/vexv5\libv5rt.a(vex_imu.cpp.obj)
                0x03805840                vex::inertial::inertial(long)
                0x03805840                vex::inertial::inertial(long)
 .text._ZN3vex8inertial16startCalibrationEl
                0x03805888       0x20 C:\Program Files (x86)\VEX Robotics\VEXcode Pro V5\sdk/vexv5\libv5rt.a(vex_imu.cpp.obj)
                0x03805888                vex::inertial::startCalibration(long)
 .text._ZN3vex8inertial9calibrateEl
                0x038058a8        0xc C:\Program Files (x86)\VEX Robotics\VEXcode Pro V5\sdk/vexv5\libv5rt.a(vex_imu.cpp.obj)
                0x038058a8                vex::inertial::calibrate(long)
                0x038058ac                non-virtual thunk to vex::inertial::calibrate(long)
 *fill*         0x038058b4        0x4 
 .text._ZN3vex3gps10setHeadingEdNS_13rotationUnitsE
                0x038058b8       0x58 C:\Program Files (x86)\VEX Robotics\VEXcode Pro V5\sdk/vexv5\libv5rt.a(vex_gps.cpp.obj)
                0x038058b8                vex::gps::setHeading(double, vex::rotationUnits)
 .text._ZThn16_N3vex3gps10setHeadingEdNS_13rotationUnitsE
                0x03805910        0x8 C:\Program Files (x86)\VEX Robotics\VEXcode Pro V5\sdk/vexv5\libv5rt.a(vex_gps.cpp.obj)
                0x03805910                non-virtual thunk to vex::gps::setHeading(double, vex::rotationUnits)
 .text._ZN3vex3gps11setRotationEdNS_13rotationUnitsE
                0x03805918       0x58 C:\Program Files (x86)\VEX Robotics\VEXcode Pro V5\sdk/vexv5\libv5rt.a(vex_gps.cpp.obj)
                0x03805918                vex::gps::setRotation(double, vex::rotationUnits)
 .text._ZThn16_N3vex3gps11setRotationEdNS_13rotationUnitsE
                0x03805970        0x8 C:\Program Files (x86)\VEX Robotics\VEXcode Pro V5\sdk/vexv5\libv5rt.a(vex_gps.cpp.obj)
                0x03805970                non-virtual thunk to vex::gps::setRotation(double, vex::rotationUnits)
 .text._ZN3vex3gpsD2Ev
                0x03805978       0x20 C:\Program Files (x86)\VEX Robotics\VEXcode Pro V5\sdk/vexv5\libv5rt.a(vex_gps.cpp.obj)
                0x03805978                vex::gps::~gps()
                0x03805978                vex::gps::~gps()
 .text._ZThn16_N3vex3gpsD1Ev
                0x03805998        0x8 C:\Program Files (x86)\VEX Robotics\VEXcode Pro V5\sdk/vexv5\libv5rt.a(vex_gps.cpp.obj)
                0x03805998                non-virtual thunk to vex::gps::~gps()
 .text._ZN3vex3gpsD0Ev
                0x038059a0       0x1c C:\Program Files (x86)\VEX Robotics\VEXcode Pro V5\sdk/vexv5\libv5rt.a(vex_gps.cpp.obj)
                0x038059a0                vex::gps::~gps()
 .text._ZThn16_N3vex3gpsD0Ev
                0x038059bc        0x8 C:\Program Files (x86)\VEX Robotics\VEXcode Pro V5\sdk/vexv5\libv5rt.a(vex_gps.cpp.obj)
                0x038059bc                non-virtual thunk to vex::gps::~gps()
 .text._ZN3vex3gps9installedEv
                0x038059c4       0x18 C:\Program Files (x86)\VEX Robotics\VEXcode Pro V5\sdk/vexv5\libv5rt.a(vex_gps.cpp.obj)
                0x038059c4                vex::gps::installed()
 .text._ZN3vex3gps5angleENS_13rotationUnitsE
                0x038059dc       0x78 C:\Program Files (x86)\VEX Robotics\VEXcode Pro V5\sdk/vexv5\libv5rt.a(vex_gps.cpp.obj)
                0x038059dc                vex::gps::angle(vex::rotationUnits)
 .text._ZThn16_N3vex3gps5angleENS_13rotationUnitsE
                0x03805a54        0x8 C:\Program Files (x86)\VEX Robotics\VEXcode Pro V5\sdk/vexv5\libv5rt.a(vex_gps.cpp.obj)
                0x03805a54                non-virtual thunk to vex::gps::angle(vex::rotationUnits)
 .text._ZN3vex3gps7headingENS_13rotationUnitsE
                0x03805a5c        0x4 C:\Program Files (x86)\VEX Robotics\VEXcode Pro V5\sdk/vexv5\libv5rt.a(vex_gps.cpp.obj)
                0x03805a5c                vex::gps::heading(vex::rotationUnits)
 .text._ZThn16_N3vex3gps7headingENS_13rotationUnitsE
                0x03805a60        0x8 C:\Program Files (x86)\VEX Robotics\VEXcode Pro V5\sdk/vexv5\libv5rt.a(vex_gps.cpp.obj)
                0x03805a60                non-virtual thunk to vex::gps::heading(vex::rotationUnits)
 .text._ZN3vex3gps5valueEv
                0x03805a68       0x1c C:\Program Files (x86)\VEX Robotics\VEXcode Pro V5\sdk/vexv5\libv5rt.a(vex_gps.cpp.obj)
                0x03805a68                vex::gps::value()
 *fill*         0x03805a84        0x4 
 .text._ZN3vex3gps8rotationENS_13rotationUnitsE
                0x03805a88       0x58 C:\Program Files (x86)\VEX Robotics\VEXcode Pro V5\sdk/vexv5\libv5rt.a(vex_gps.cpp.obj)
                0x03805a88                vex::gps::rotation(vex::rotationUnits)
 .text._ZThn16_N3vex3gps8rotationENS_13rotationUnitsE
                0x03805ae0        0x8 C:\Program Files (x86)\VEX Robotics\VEXcode Pro V5\sdk/vexv5\libv5rt.a(vex_gps.cpp.obj)
                0x03805ae0                non-virtual thunk to vex::gps::rotation(vex::rotationUnits)
 .text._ZN3vex3gps13isCalibratingEv
                0x03805ae8       0x38 C:\Program Files (x86)\VEX Robotics\VEXcode Pro V5\sdk/vexv5\libv5rt.a(vex_gps.cpp.obj)
                0x03805ae8                vex::gps::isCalibrating()
 .text._ZThn16_N3vex3gps13isCalibratingEv
                0x03805b20        0x8 C:\Program Files (x86)\VEX Robotics\VEXcode Pro V5\sdk/vexv5\libv5rt.a(vex_gps.cpp.obj)
                0x03805b20                non-virtual thunk to vex::gps::isCalibrating()
 .text._ZN3vex3gps17setSensorRotationEd
                0x03805b28        0x8 C:\Program Files (x86)\VEX Robotics\VEXcode Pro V5\sdk/vexv5\libv5rt.a(vex_gps.cpp.obj)
                0x03805b28                vex::gps::setSensorRotation(double)
 .text._ZN3vex3gpsC2Eld
                0x03805b30       0x70 C:\Program Files (x86)\VEX Robotics\VEXcode Pro V5\sdk/vexv5\libv5rt.a(vex_gps.cpp.obj)
                0x03805b30                vex::gps::gps(long, double)
                0x03805b30                vex::gps::gps(long, double)
 .text._ZN3vex3gps9setOriginEddNS_13distanceUnitsE
                0x03805ba0       0x68 C:\Program Files (x86)\VEX Robotics\VEXcode Pro V5\sdk/vexv5\libv5rt.a(vex_gps.cpp.obj)
                0x03805ba0                vex::gps::setOrigin(double, double, vex::distanceUnits)
 .text._ZN3vex3gpsC2ElddNS_13distanceUnitsEd
                0x03805c08       0x44 C:\Program Files (x86)\VEX Robotics\VEXcode Pro V5\sdk/vexv5\libv5rt.a(vex_gps.cpp.obj)
                0x03805c08                vex::gps::gps(long, double, double, vex::distanceUnits, double)
                0x03805c08                vex::gps::gps(long, double, double, vex::distanceUnits, double)
 *fill*         0x03805c4c        0x4 
 .text._ZN3vex3gps9xPositionENS_13distanceUnitsE
                0x03805c50       0x70 C:\Program Files (x86)\VEX Robotics\VEXcode Pro V5\sdk/vexv5\libv5rt.a(vex_gps.cpp.obj)
                0x03805c50                vex::gps::xPosition(vex::distanceUnits)
 .text._ZN3vex3gps9yPositionENS_13distanceUnitsE
                0x03805cc0       0x70 C:\Program Files (x86)\VEX Robotics\VEXcode Pro V5\sdk/vexv5\libv5rt.a(vex_gps.cpp.obj)
                0x03805cc0                vex::gps::yPosition(vex::distanceUnits)
 .text._ZN3vex3gps13resetRotationEv
                0x03805d30       0x20 C:\Program Files (x86)\VEX Robotics\VEXcode Pro V5\sdk/vexv5\libv5rt.a(vex_gps.cpp.obj)
                0x03805d30                vex::gps::resetRotation()
 .text._ZN3vex3gps16startCalibrationEl
                0x03805d50       0x48 C:\Program Files (x86)\VEX Robotics\VEXcode Pro V5\sdk/vexv5\libv5rt.a(vex_gps.cpp.obj)
                0x03805d50                vex::gps::startCalibration(long)
 .text._ZN3vex3gps9calibrateEl
                0x03805d98        0xc C:\Program Files (x86)\VEX Robotics\VEXcode Pro V5\sdk/vexv5\libv5rt.a(vex_gps.cpp.obj)
                0x03805d98                vex::gps::calibrate(long)
                0x03805d9c                non-virtual thunk to vex::gps::calibrate(long)
 .text._ZN3vex10controllerD2Ev
                0x03805da4        0x4 C:\Program Files (x86)\VEX Robotics\VEXcode Pro V5\sdk/vexv5\libv5rt.a(vex_controller.cpp.obj)
                0x03805da4                vex::controller::~controller()
                0x03805da4                vex::controller::~controller()
 .text._ZN3vex10controller5valueE19_V5_ControllerIndex
                0x03805da8        0x8 C:\Program Files (x86)\VEX Robotics\VEXcode Pro V5\sdk/vexv5\libv5rt.a(vex_controller.cpp.obj)
                0x03805da8                vex::controller::value(_V5_ControllerIndex)
 .text._ZN3vex10controller6button8pressingEv
                0x03805db0       0xc8 C:\Program Files (x86)\VEX Robotics\VEXcode Pro V5\sdk/vexv5\libv5rt.a(vex_controller.cpp.obj)
                0x03805db0                vex::controller::button::pressing()
 .text._ZN3vex10controller6button21_buttonToPressedEventEv
                0x03805e78       0x20 C:\Program Files (x86)\VEX Robotics\VEXcode Pro V5\sdk/vexv5\libv5rt.a(vex_controller.cpp.obj)
                0x03805e78                vex::controller::button::_buttonToPressedEvent()
 .text._ZN3vex10controller6button22_buttonToReleasedEventEv
                0x03805e98       0x20 C:\Program Files (x86)\VEX Robotics\VEXcode Pro V5\sdk/vexv5\libv5rt.a(vex_controller.cpp.obj)
                0x03805e98                vex::controller::button::_buttonToReleasedEvent()
 .text._ZN3vex10controller6buttonC2ENS0_11tButtonTypeEPS0_
                0x03805eb8       0x48 C:\Program Files (x86)\VEX Robotics\VEXcode Pro V5\sdk/vexv5\libv5rt.a(vex_controller.cpp.obj)
                0x03805eb8                vex::controller::button::button(vex::controller::tButtonType, vex::controller*)
                0x03805eb8                vex::controller::button::button(vex::controller::tButtonType, vex::controller*)
 .text._ZN3vex10controller4axis5valueEv
                0x03805f00       0x58 C:\Program Files (x86)\VEX Robotics\VEXcode Pro V5\sdk/vexv5\libv5rt.a(vex_controller.cpp.obj)
                0x03805f00                vex::controller::axis::value()
 .text._ZN3vex10controller4axis8positionENS_12percentUnitsE
                0x03805f58       0x1c C:\Program Files (x86)\VEX Robotics\VEXcode Pro V5\sdk/vexv5\libv5rt.a(vex_controller.cpp.obj)
                0x03805f58                vex::controller::axis::position(vex::percentUnits)
 .text._ZN3vex10controller4axis23_joystickToChangedEventEv
                0x03805f74       0x20 C:\Program Files (x86)\VEX Robotics\VEXcode Pro V5\sdk/vexv5\libv5rt.a(vex_controller.cpp.obj)
                0x03805f74                vex::controller::axis::_joystickToChangedEvent()
 .text._ZN3vex10controller4axisC2ENS0_9tAxisTypeEPS0_
                0x03805f94       0x2c C:\Program Files (x86)\VEX Robotics\VEXcode Pro V5\sdk/vexv5\libv5rt.a(vex_controller.cpp.obj)
                0x03805f94                vex::controller::axis::axis(vex::controller::tAxisType, vex::controller*)
                0x03805f94                vex::controller::axis::axis(vex::controller::tAxisType, vex::controller*)
 .text._ZN3vex10controllerC2ENS_14controllerTypeE
                0x03805fc0      0x204 C:\Program Files (x86)\VEX Robotics\VEXcode Pro V5\sdk/vexv5\libv5rt.a(vex_controller.cpp.obj)
                0x03805fc0                vex::controller::controller(vex::controllerType)
                0x03805fc0                vex::controller::controller(vex::controllerType)
 .text._ZN3vex10controller3lcd15getControllerIdEv
                0x038061c4       0x10 C:\Program Files (x86)\VEX Robotics\VEXcode Pro V5\sdk/vexv5\libv5rt.a(vex_controller.cpp.obj)
                0x038061c4                vex::controller::lcd::getControllerId()
 .text._ZN3vex10controller3lcd9setCursorEll
                0x038061d4       0x40 C:\Program Files (x86)\VEX Robotics\VEXcode Pro V5\sdk/vexv5\libv5rt.a(vex_controller.cpp.obj)
                0x038061d4                vex::controller::lcd::setCursor(long, long)
 .text._ZN3vex10controller3lcd5printEPKcz
                0x03806214       0x80 C:\Program Files (x86)\VEX Robotics\VEXcode Pro V5\sdk/vexv5\libv5rt.a(vex_controller.cpp.obj)
                0x03806214                vex::controller::lcd::print(char const*, ...)
 .text._ZN3vex4taskC2Ev
                0x03806294       0x28 C:\Program Files (x86)\VEX Robotics\VEXcode Pro V5\sdk/vexv5\libv5rt.a(vex_task.cpp.obj)
                0x03806294                vex::task::task()
                0x03806294                vex::task::task()
 .text._ZN3vex4taskC2EPFivE
                0x038062bc       0x5c C:\Program Files (x86)\VEX Robotics\VEXcode Pro V5\sdk/vexv5\libv5rt.a(vex_task.cpp.obj)
                0x038062bc                vex::task::task(int (*)())
                0x038062bc                vex::task::task(int (*)())
 .text._ZN3vex4taskD2Ev
                0x03806318        0x4 C:\Program Files (x86)\VEX Robotics\VEXcode Pro V5\sdk/vexv5\libv5rt.a(vex_task.cpp.obj)
                0x03806318                vex::task::~task()
                0x03806318                vex::task::~task()
 .text._ZN3vex4task4stopERKS0_
                0x0380631c       0x18 C:\Program Files (x86)\VEX Robotics\VEXcode Pro V5\sdk/vexv5\libv5rt.a(vex_task.cpp.obj)
                0x0380631c                vex::task::stop(vex::task const&)
 .text._ZN3vex4task5sleepEm
                0x03806334        0x4 C:\Program Files (x86)\VEX Robotics\VEXcode Pro V5\sdk/vexv5\libv5rt.a(vex_task.cpp.obj)
                0x03806334                vex::task::sleep(unsigned long)
 .text._ZN3vex4task5yieldEv
                0x03806338        0x4 C:\Program Files (x86)\VEX Robotics\VEXcode Pro V5\sdk/vexv5\libv5rt.a(vex_task.cpp.obj)
                0x03806338                vex::task::yield()
 .text._ZN3vex4task6_indexEPFivE
                0x0380633c       0x14 C:\Program Files (x86)\VEX Robotics\VEXcode Pro V5\sdk/vexv5\libv5rt.a(vex_task.cpp.obj)
                0x0380633c                vex::task::_index(int (*)())
 .text._ZN3vex4task8_stopAllEv
                0x03806350       0x3c C:\Program Files (x86)\VEX Robotics\VEXcode Pro V5\sdk/vexv5\libv5rt.a(vex_task.cpp.obj)
                0x03806350                vex::task::_stopAll()
 .text._ZN3vex11this_thread9sleep_forEm
                0x0380638c        0x4 C:\Program Files (x86)\VEX Robotics\VEXcode Pro V5\sdk/vexv5\libv5rt.a(vex_thread.cpp.obj)
                0x0380638c                vex::this_thread::sleep_for(unsigned long)
 .text._ZN3vex5event4initEmmPFvvE
                0x03806390        0x4 C:\Program Files (x86)\VEX Robotics\VEXcode Pro V5\sdk/vexv5\libv5rt.a(vex_event.cpp.obj)
                0x03806390                vex::event::init(unsigned long, unsigned long, void (*)())
 .text._ZN3vex5event4initEmmPFvPvES1_
                0x03806394        0x4 C:\Program Files (x86)\VEX Robotics\VEXcode Pro V5\sdk/vexv5\libv5rt.a(vex_event.cpp.obj)
                0x03806394                vex::event::init(unsigned long, unsigned long, void (*)(void*), void*)
 .text._ZN3vex5event9userindexEv
                0x03806398        0x4 C:\Program Files (x86)\VEX Robotics\VEXcode Pro V5\sdk/vexv5\libv5rt.a(vex_event.cpp.obj)
                0x03806398                vex::event::userindex()
 .text._ZZN3vex6meventC4EmmENUlvE_4_FUNEv
                0x0380639c        0x4 C:\Program Files (x86)\VEX Robotics\VEXcode Pro V5\sdk/vexv5\libv5rt.a(vex_mevent.cpp.obj)
 .text._ZN3vex6meventC2Emm
                0x038063a0       0x70 C:\Program Files (x86)\VEX Robotics\VEXcode Pro V5\sdk/vexv5\libv5rt.a(vex_mevent.cpp.obj)
                0x038063a0                vex::mevent::mevent(unsigned long, unsigned long)
                0x038063a0                vex::mevent::mevent(unsigned long, unsigned long)
 .text._ZN3vex5brain9_getIndexEv
                0x03806410       0x10 C:\Program Files (x86)\VEX Robotics\VEXcode Pro V5\sdk/vexv5\libv5rt.a(vex_brain.cpp.obj)
                0x03806410                vex::brain::_getIndex()
 .text._ZN3vex5brain10resetTimerEv
                0x03806420        0x4 C:\Program Files (x86)\VEX Robotics\VEXcode Pro V5\sdk/vexv5\libv5rt.a(vex_brain.cpp.obj)
                0x03806420                vex::brain::resetTimer()
 .text._ZN3vex5brain3lcd9setCursorEll
                0x03806424       0x44 C:\Program Files (x86)\VEX Robotics\VEXcode Pro V5\sdk/vexv5\libv5rt.a(vex_brain.cpp.obj)
                0x03806424                vex::brain::lcd::setCursor(long, long)
 .text._ZN3vex5brain3lcd7setFontENS_8fontTypeE
                0x03806468      0x23c C:\Program Files (x86)\VEX Robotics\VEXcode Pro V5\sdk/vexv5\libv5rt.a(vex_brain.cpp.obj)
                0x03806468                vex::brain::lcd::setFont(vex::fontType)
 .text._ZN3vex5brain3lcdC2Ev
                0x038066a4       0x94 C:\Program Files (x86)\VEX Robotics\VEXcode Pro V5\sdk/vexv5\libv5rt.a(vex_brain.cpp.obj)
                0x038066a4                vex::brain::lcd::lcd()
                0x038066a4                vex::brain::lcd::lcd()
 .text._ZN3vex5brainC2Ev
                0x03806738       0x38 C:\Program Files (x86)\VEX Robotics\VEXcode Pro V5\sdk/vexv5\libv5rt.a(vex_brain.cpp.obj)
                0x03806738                vex::brain::brain()
                0x03806738                vex::brain::brain()
 .text._ZN3vex5brain3lcd7printAtEllPKcz
                0x03806770       0x54 C:\Program Files (x86)\VEX Robotics\VEXcode Pro V5\sdk/vexv5\libv5rt.a(vex_brain.cpp.obj)
                0x03806770                vex::brain::lcd::printAt(long, long, char const*, ...)
 .text._ZN3vex5brain3lcd12_clearScreenEm
                0x038067c4       0x38 C:\Program Files (x86)\VEX Robotics\VEXcode Pro V5\sdk/vexv5\libv5rt.a(vex_brain.cpp.obj)
                0x038067c4                vex::brain::lcd::_clearScreen(unsigned long)
 .text._ZN3vex5brain3lcd11clearScreenERKNS_5colorE
                0x038067fc       0x20 C:\Program Files (x86)\VEX Robotics\VEXcode Pro V5\sdk/vexv5\libv5rt.a(vex_brain.cpp.obj)
                0x038067fc                vex::brain::lcd::clearScreen(vex::color const&)
 .text._ZN3vex5brain3lcd11clearScreenEv
                0x0380681c       0x2c C:\Program Files (x86)\VEX Robotics\VEXcode Pro V5\sdk/vexv5\libv5rt.a(vex_brain.cpp.obj)
                0x0380681c                vex::brain::lcd::clearScreen()
 .text._ZN3vex5brain3lcd13drawRectangleEiiii
                0x03806848       0xdc C:\Program Files (x86)\VEX Robotics\VEXcode Pro V5\sdk/vexv5\libv5rt.a(vex_brain.cpp.obj)
                0x03806848                vex::brain::lcd::drawRectangle(int, int, int, int)
 .text._ZN3vex5brain3lcd10drawCircleEiii
                0x03806924       0xa4 C:\Program Files (x86)\VEX Robotics\VEXcode Pro V5\sdk/vexv5\libv5rt.a(vex_brain.cpp.obj)
                0x03806924                vex::brain::lcd::drawCircle(int, int, int)
 .text._ZN3vex5brain3lcd11_drawCircleEiiim
                0x038069c8       0x60 C:\Program Files (x86)\VEX Robotics\VEXcode Pro V5\sdk/vexv5\libv5rt.a(vex_brain.cpp.obj)
                0x038069c8                vex::brain::lcd::_drawCircle(int, int, int, unsigned long)
 .text._ZN3vex5brain3lcd10drawCircleEiiiRKNS_5colorE
                0x03806a28       0x60 C:\Program Files (x86)\VEX Robotics\VEXcode Pro V5\sdk/vexv5\libv5rt.a(vex_brain.cpp.obj)
                0x03806a28                vex::brain::lcd::drawCircle(int, int, int, vex::color const&)
 .text._ZN3vex5brain3lcd9xPositionEv
                0x03806a88       0x24 C:\Program Files (x86)\VEX Robotics\VEXcode Pro V5\sdk/vexv5\libv5rt.a(vex_brain.cpp.obj)
                0x03806a88                vex::brain::lcd::xPosition()
 .text._ZN3vex5brain3lcd9yPositionEv
                0x03806aac       0x24 C:\Program Files (x86)\VEX Robotics\VEXcode Pro V5\sdk/vexv5\libv5rt.a(vex_brain.cpp.obj)
                0x03806aac                vex::brain::lcd::yPosition()
 .text._ZN3vex5brain3lcd8pressingEv
                0x03806ad0       0x20 C:\Program Files (x86)\VEX Robotics\VEXcode Pro V5\sdk/vexv5\libv5rt.a(vex_brain.cpp.obj)
                0x03806ad0                vex::brain::lcd::pressing()
 .text._ZN3vex5brain3lcd10rowToPixelEl
                0x03806af0       0x34 C:\Program Files (x86)\VEX Robotics\VEXcode Pro V5\sdk/vexv5\libv5rt.a(vex_brain.cpp.obj)
                0x03806af0                vex::brain::lcd::rowToPixel(long)
 .text._ZN3vex5brain3lcd5printEPKcz
                0x03806b24       0xb8 C:\Program Files (x86)\VEX Robotics\VEXcode Pro V5\sdk/vexv5\libv5rt.a(vex_brain.cpp.obj)
                0x03806b24                vex::brain::lcd::print(char const*, ...)
 .text._ZN3vex5brainD2Ev
                0x03806bdc       0x20 C:\Program Files (x86)\VEX Robotics\VEXcode Pro V5\sdk/vexv5\libv5rt.a(vex_brain.cpp.obj)
                0x03806bdc                vex::brain::~brain()
                0x03806bdc                vex::brain::~brain()
 .text._ZN3vex11competition11_autonomousEv
                0x03806bfc       0x90 C:\Program Files (x86)\VEX Robotics\VEXcode Pro V5\sdk/vexv5\libv5rt.a(vex_competition.cpp.obj)
                0x03806bfc                vex::competition::_autonomous()
 .text._ZN3vex11competition14_drivercontrolEv
                0x03806c8c       0x90 C:\Program Files (x86)\VEX Robotics\VEXcode Pro V5\sdk/vexv5\libv5rt.a(vex_competition.cpp.obj)
                0x03806c8c                vex::competition::_drivercontrol()
 .text._ZN3vex11competition8_disableEPv
                0x03806d1c       0xc8 C:\Program Files (x86)\VEX Robotics\VEXcode Pro V5\sdk/vexv5\libv5rt.a(vex_competition.cpp.obj)
                0x03806d1c                vex::competition::_disable(void*)
 .text._ZN3vex11competitionC2Ev
                0x03806de4      0x13c C:\Program Files (x86)\VEX Robotics\VEXcode Pro V5\sdk/vexv5\libv5rt.a(vex_competition.cpp.obj)
                0x03806de4                vex::competition::competition()
                0x03806de4                vex::competition::competition()
 .text._ZN3vex11competitionD2Ev
                0x03806f20        0x4 C:\Program Files (x86)\VEX Robotics\VEXcode Pro V5\sdk/vexv5\libv5rt.a(vex_competition.cpp.obj)
                0x03806f20                vex::competition::~competition()
                0x03806f20                vex::competition::~competition()
 .text._ZN3vex11competition10autonomousEPFvvE
                0x03806f24       0x44 C:\Program Files (x86)\VEX Robotics\VEXcode Pro V5\sdk/vexv5\libv5rt.a(vex_competition.cpp.obj)
                0x03806f24                vex::competition::autonomous(void (*)())
 .text._ZN3vex11competition13drivercontrolEPFvvE
                0x03806f68       0x44 C:\Program Files (x86)\VEX Robotics\VEXcode Pro V5\sdk/vexv5\libv5rt.a(vex_competition.cpp.obj)
                0x03806f68                vex::competition::drivercontrol(void (*)())
 .text._ZN3vex7triportD2Ev
                0x03806fac       0x38 C:\Program Files (x86)\VEX Robotics\VEXcode Pro V5\sdk/vexv5\libv5rt.a(vex_triport.cpp.obj)
                0x03806fac                vex::triport::~triport()
                0x03806fac                vex::triport::~triport()
 .text._ZN3vex7triportD0Ev
                0x03806fe4       0x1c C:\Program Files (x86)\VEX Robotics\VEXcode Pro V5\sdk/vexv5\libv5rt.a(vex_triport.cpp.obj)
                0x03806fe4                vex::triport::~triport()
 .text._ZN3vex7triport9installedEv
                0x03807000       0x18 C:\Program Files (x86)\VEX Robotics\VEXcode Pro V5\sdk/vexv5\libv5rt.a(vex_triport.cpp.obj)
                0x03807000                vex::triport::installed()
 .text._ZN3vex7triport4portC2ElPS0_
                0x03807018       0x74 C:\Program Files (x86)\VEX Robotics\VEXcode Pro V5\sdk/vexv5\libv5rt.a(vex_triport.cpp.obj)
                0x03807018                vex::triport::port::port(long, vex::triport*)
                0x03807018                vex::triport::port::port(long, vex::triport*)
 .text._ZN3vex7triportC2El
                0x0380708c       0xf0 C:\Program Files (x86)\VEX Robotics\VEXcode Pro V5\sdk/vexv5\libv5rt.a(vex_triport.cpp.obj)
                0x0380708c                vex::triport::triport(long)
                0x0380708c                vex::triport::triport(long)
 .text._ZN3vex7triport4port4typeENS_11triportTypeE
                0x0380717c       0x30 C:\Program Files (x86)\VEX Robotics\VEXcode Pro V5\sdk/vexv5\libv5rt.a(vex_triport.cpp.obj)
                0x0380717c                vex::triport::port::type(vex::triportType)
 .text._ZN3vex7triport4port4typeEv
                0x038071ac       0x38 C:\Program Files (x86)\VEX Robotics\VEXcode Pro V5\sdk/vexv5\libv5rt.a(vex_triport.cpp.obj)
                0x038071ac                vex::triport::port::type()
 .text._ZN3vex7triport4port5valueEv
                0x038071e4       0x14 C:\Program Files (x86)\VEX Robotics\VEXcode Pro V5\sdk/vexv5\libv5rt.a(vex_triport.cpp.obj)
                0x038071e4                vex::triport::port::value()
 .text._ZN3vex7triport4port5valueEl
                0x038071f8       0x18 C:\Program Files (x86)\VEX Robotics\VEXcode Pro V5\sdk/vexv5\libv5rt.a(vex_triport.cpp.obj)
                0x038071f8                vex::triport::port::value(long)
 .text._ZN3vex11__trideviceC2ERNS_7triport4portENS_11triportTypeE
                0x03807210       0x5c C:\Program Files (x86)\VEX Robotics\VEXcode Pro V5\sdk/vexv5\libv5rt.a(vex_triport.cpp.obj)
                0x03807210                vex::__tridevice::__tridevice(vex::triport::port&, vex::triportType)
                0x03807210                vex::__tridevice::__tridevice(vex::triport::port&, vex::triportType)
 .text._ZN3vex5limitC2ERNS_7triport4portE
                0x0380726c       0x28 C:\Program Files (x86)\VEX Robotics\VEXcode Pro V5\sdk/vexv5\libv5rt.a(vex_triport.cpp.obj)
                0x0380726c                vex::limit::limit(vex::triport::port&)
                0x0380726c                vex::limit::limit(vex::triport::port&)
 .text._ZN3vex5limitD2Ev
                0x03807294        0x4 C:\Program Files (x86)\VEX Robotics\VEXcode Pro V5\sdk/vexv5\libv5rt.a(vex_triport.cpp.obj)
                0x03807294                vex::limit::~limit()
                0x03807294                vex::limit::~limit()
 .text._ZN3vex5limit5valueEv
                0x03807298        0x8 C:\Program Files (x86)\VEX Robotics\VEXcode Pro V5\sdk/vexv5\libv5rt.a(vex_triport.cpp.obj)
                0x03807298                vex::limit::value()
 .text._ZN3vex11digital_outC2ERNS_7triport4portE
                0x038072a0       0x18 C:\Program Files (x86)\VEX Robotics\VEXcode Pro V5\sdk/vexv5\libv5rt.a(vex_triport.cpp.obj)
                0x038072a0                vex::digital_out::digital_out(vex::triport::port&)
                0x038072a0                vex::digital_out::digital_out(vex::triport::port&)
 .text._ZN3vex11digital_outD2Ev
                0x038072b8        0x4 C:\Program Files (x86)\VEX Robotics\VEXcode Pro V5\sdk/vexv5\libv5rt.a(vex_triport.cpp.obj)
                0x038072b8                vex::digital_out::~digital_out()
                0x038072b8                vex::digital_out::~digital_out()
 .text._ZN3vex11digital_out3setEb
                0x038072bc        0x8 C:\Program Files (x86)\VEX Robotics\VEXcode Pro V5\sdk/vexv5\libv5rt.a(vex_triport.cpp.obj)
                0x038072bc                vex::digital_out::set(bool)
 .text.startup._GLOBAL__sub_I__ZN3vex7triportC2El
                0x038072c4       0x30 C:\Program Files (x86)\VEX Robotics\VEXcode Pro V5\sdk/vexv5\libv5rt.a(vex_triport.cpp.obj)
 .text._ZN3vex5colorD2Ev
                0x038072f4        0x4 C:\Program Files (x86)\VEX Robotics\VEXcode Pro V5\sdk/vexv5\libv5rt.a(vex_color.cpp.obj)
                0x038072f4                vex::color::~color()
                0x038072f4                vex::color::~color()
 .text._ZNK3vex5colorcvmEv
                0x038072f8        0x8 C:\Program Files (x86)\VEX Robotics\VEXcode Pro V5\sdk/vexv5\libv5rt.a(vex_color.cpp.obj)
                0x038072f8                vex::color::operator unsigned long() const
 .text._ZNK3vex5color13isTransparentEv
                0x03807300        0x8 C:\Program Files (x86)\VEX Robotics\VEXcode Pro V5\sdk/vexv5\libv5rt.a(vex_color.cpp.obj)
                0x03807300                vex::color::isTransparent() const
 .text.startup._GLOBAL__sub_I__ZN3vex5color5blackE
                0x03807308      0x164 C:\Program Files (x86)\VEX Robotics\VEXcode Pro V5\sdk/vexv5\libv5rt.a(vex_color.cpp.obj)
 .text._ZN3vex5timerD2Ev
                0x0380746c        0x4 C:\Program Files (x86)\VEX Robotics\VEXcode Pro V5\sdk/vexv5\libv5rt.a(vex_timer.cpp.obj)
                0x0380746c                vex::timer::~timer()
                0x0380746c                vex::timer::~timer()
 .text._ZN3vex5timer5clearEv
                0x03807470       0x1c C:\Program Files (x86)\VEX Robotics\VEXcode Pro V5\sdk/vexv5\libv5rt.a(vex_timer.cpp.obj)
                0x03807470                vex::timer::clear()
 .text._ZN3vex5timerC2Ev
                0x0380748c       0x14 C:\Program Files (x86)\VEX Robotics\VEXcode Pro V5\sdk/vexv5\libv5rt.a(vex_timer.cpp.obj)
                0x0380748c                vex::timer::timer()
                0x0380748c                vex::timer::timer()
 .text._ZN3vex5timer5resetEv
                0x038074a0        0x4 C:\Program Files (x86)\VEX Robotics\VEXcode Pro V5\sdk/vexv5\libv5rt.a(vex_timer.cpp.obj)
                0x038074a0                vex::timer::reset()
 *fill*         0x038074a4        0x4 
 .text._ZNK3vex5timer4timeENS_9timeUnitsE
                0x038074a8       0x40 C:\Program Files (x86)\VEX Robotics\VEXcode Pro V5\sdk/vexv5\libv5rt.a(vex_timer.cpp.obj)
                0x038074a8                vex::timer::time(vex::timeUnits) const
 .text._ZNK3vex5timer5valueEv
                0x038074e8        0x8 C:\Program Files (x86)\VEX Robotics\VEXcode Pro V5\sdk/vexv5\libv5rt.a(vex_timer.cpp.obj)
                0x038074e8                vex::timer::value() const
 .text._ZN3vex5timer20systemHighResolutionEv
                0x038074f0        0x4 C:\Program Files (x86)\VEX Robotics\VEXcode Pro V5\sdk/vexv5\libv5rt.a(vex_timer.cpp.obj)
                0x038074f0                vex::timer::systemHighResolution()
 .text.vexAdiPortConfigSet
                0x038074f4       0x28 C:\Program Files (x86)\VEX Robotics\VEXcode Pro V5\sdk/vexv5\libv5rt.a(v5_apiuser.c.obj)
                0x038074f4                vexAdiPortConfigSet
 .text.vexAdiPortConfigGet
                0x0380751c       0x28 C:\Program Files (x86)\VEX Robotics\VEXcode Pro V5\sdk/vexv5\libv5rt.a(v5_apiuser.c.obj)
                0x0380751c                vexAdiPortConfigGet
 .text.vexAdiValueSet
                0x03807544       0x28 C:\Program Files (x86)\VEX Robotics\VEXcode Pro V5\sdk/vexv5\libv5rt.a(v5_apiuser.c.obj)
                0x03807544                vexAdiValueSet
 .text.vexAdiValueGet
                0x0380756c       0x20 C:\Program Files (x86)\VEX Robotics\VEXcode Pro V5\sdk/vexv5\libv5rt.a(v5_apiuser.c.obj)
                0x0380756c                vexAdiValueGet
 .text.vexMotorVelocitySet
                0x0380758c       0x20 C:\Program Files (x86)\VEX Robotics\VEXcode Pro V5\sdk/vexv5\libv5rt.a(v5_apiuser.c.obj)
                0x0380758c                vexMotorVelocitySet
 .text.vexMotorVoltageSet
                0x038075ac       0x20 C:\Program Files (x86)\VEX Robotics\VEXcode Pro V5\sdk/vexv5\libv5rt.a(v5_apiuser.c.obj)
                0x038075ac                vexMotorVoltageSet
 .text.vexMotorActualVelocityGet
                0x038075cc       0x24 C:\Program Files (x86)\VEX Robotics\VEXcode Pro V5\sdk/vexv5\libv5rt.a(v5_apiuser.c.obj)
                0x038075cc                vexMotorActualVelocityGet
 .text.vexMotorZeroPositionFlagGet
                0x038075f0       0x18 C:\Program Files (x86)\VEX Robotics\VEXcode Pro V5\sdk/vexv5\libv5rt.a(v5_apiuser.c.obj)
                0x038075f0                vexMotorZeroPositionFlagGet
 .text.vexMotorReverseFlagSet
                0x03807608       0x20 C:\Program Files (x86)\VEX Robotics\VEXcode Pro V5\sdk/vexv5\libv5rt.a(v5_apiuser.c.obj)
                0x03807608                vexMotorReverseFlagSet
 .text.vexMotorEncoderUnitsSet
                0x03807628       0x20 C:\Program Files (x86)\VEX Robotics\VEXcode Pro V5\sdk/vexv5\libv5rt.a(v5_apiuser.c.obj)
                0x03807628                vexMotorEncoderUnitsSet
 .text.vexMotorBrakeModeSet
                0x03807648       0x20 C:\Program Files (x86)\VEX Robotics\VEXcode Pro V5\sdk/vexv5\libv5rt.a(v5_apiuser.c.obj)
                0x03807648                vexMotorBrakeModeSet
 .text.vexMotorPositionSet
                0x03807668       0x28 C:\Program Files (x86)\VEX Robotics\VEXcode Pro V5\sdk/vexv5\libv5rt.a(v5_apiuser.c.obj)
                0x03807668                vexMotorPositionSet
 .text.vexMotorPositionGet
                0x03807690       0x24 C:\Program Files (x86)\VEX Robotics\VEXcode Pro V5\sdk/vexv5\libv5rt.a(v5_apiuser.c.obj)
                0x03807690                vexMotorPositionGet
 .text.vexMotorRelativeTargetSet
                0x038076b4       0x30 C:\Program Files (x86)\VEX Robotics\VEXcode Pro V5\sdk/vexv5\libv5rt.a(v5_apiuser.c.obj)
                0x038076b4                vexMotorRelativeTargetSet
 .text.vexMotorGearingSet
                0x038076e4       0x20 C:\Program Files (x86)\VEX Robotics\VEXcode Pro V5\sdk/vexv5\libv5rt.a(v5_apiuser.c.obj)
                0x038076e4                vexMotorGearingSet
 .text.vexMotorGearingGet
                0x03807704       0x18 C:\Program Files (x86)\VEX Robotics\VEXcode Pro V5\sdk/vexv5\libv5rt.a(v5_apiuser.c.obj)
                0x03807704                vexMotorGearingGet
 .text.vexImuReset
                0x0380771c       0x10 C:\Program Files (x86)\VEX Robotics\VEXcode Pro V5\sdk/vexv5\libv5rt.a(v5_apiuser.c.obj)
                0x0380771c                vexImuReset
 .text.vexImuHeadingGet
                0x0380772c       0x10 C:\Program Files (x86)\VEX Robotics\VEXcode Pro V5\sdk/vexv5\libv5rt.a(v5_apiuser.c.obj)
                0x0380772c                vexImuHeadingGet
 .text.vexImuDegreesGet
                0x0380773c       0x10 C:\Program Files (x86)\VEX Robotics\VEXcode Pro V5\sdk/vexv5\libv5rt.a(v5_apiuser.c.obj)
                0x0380773c                vexImuDegreesGet
 .text.vexImuStatusGet
                0x0380774c       0x10 C:\Program Files (x86)\VEX Robotics\VEXcode Pro V5\sdk/vexv5\libv5rt.a(v5_apiuser.c.obj)
                0x0380774c                vexImuStatusGet
 .text.vexGpsReset
                0x0380775c       0x10 C:\Program Files (x86)\VEX Robotics\VEXcode Pro V5\sdk/vexv5\libv5rt.a(v5_apiuser.c.obj)
                0x0380775c                vexGpsReset
 .text.vexGpsHeadingGet
                0x0380776c       0x10 C:\Program Files (x86)\VEX Robotics\VEXcode Pro V5\sdk/vexv5\libv5rt.a(v5_apiuser.c.obj)
                0x0380776c                vexGpsHeadingGet
 .text.vexGpsDegreesGet
                0x0380777c       0x10 C:\Program Files (x86)\VEX Robotics\VEXcode Pro V5\sdk/vexv5\libv5rt.a(v5_apiuser.c.obj)
                0x0380777c                vexGpsDegreesGet
 .text.vexGpsAttitudeGet
                0x0380778c       0x20 C:\Program Files (x86)\VEX Robotics\VEXcode Pro V5\sdk/vexv5\libv5rt.a(v5_apiuser.c.obj)
                0x0380778c                vexGpsAttitudeGet
 .text.vexGpsStatusGet
                0x038077ac       0x10 C:\Program Files (x86)\VEX Robotics\VEXcode Pro V5\sdk/vexv5\libv5rt.a(v5_apiuser.c.obj)
                0x038077ac                vexGpsStatusGet
 .text.vexGpsModeSet
                0x038077bc       0x18 C:\Program Files (x86)\VEX Robotics\VEXcode Pro V5\sdk/vexv5\libv5rt.a(v5_apiuser.c.obj)
                0x038077bc                vexGpsModeSet
 .text.vexGpsOriginSet
                0x038077d4       0x28 C:\Program Files (x86)\VEX Robotics\VEXcode Pro V5\sdk/vexv5\libv5rt.a(v5_apiuser.c.obj)
                0x038077d4                vexGpsOriginSet
 .text.vexGpsRotationSet
                0x038077fc       0x20 C:\Program Files (x86)\VEX Robotics\VEXcode Pro V5\sdk/vexv5\libv5rt.a(v5_apiuser.c.obj)
                0x038077fc                vexGpsRotationSet
 .text.vexGpsRotationGet
                0x0380781c       0x10 C:\Program Files (x86)\VEX Robotics\VEXcode Pro V5\sdk/vexv5\libv5rt.a(v5_apiuser.c.obj)
                0x0380781c                vexGpsRotationGet
 .text.vexEventMaskSet
                0x0380782c       0x28 C:\Program Files (x86)\VEX Robotics\VEXcode Pro V5\sdk/vexv5\libv5rt.a(v5_apiuser.c.obj)
                0x0380782c                vexEventMaskSet
 .text.vexEventMaskGet
                0x03807854       0x18 C:\Program Files (x86)\VEX Robotics\VEXcode Pro V5\sdk/vexv5\libv5rt.a(v5_apiuser.c.obj)
                0x03807854                vexEventMaskGet
 .text._ZN3vex6deviceD2Ev
                0x0380786c        0x4 C:\Program Files (x86)\VEX Robotics\VEXcode Pro V5\sdk/vexv5\libv5rt.a(vex_device.cpp.obj)
                0x0380786c                vex::device::~device()
                0x0380786c                vex::device::~device()
 .text._ZN3vex6device5valueEv
                0x03807870        0x8 C:\Program Files (x86)\VEX Robotics\VEXcode Pro V5\sdk/vexv5\libv5rt.a(vex_device.cpp.obj)
                0x03807870                vex::device::value()
 .text._ZN3vex6deviceD0Ev
                0x03807878       0x14 C:\Program Files (x86)\VEX Robotics\VEXcode Pro V5\sdk/vexv5\libv5rt.a(vex_device.cpp.obj)
                0x03807878                vex::device::~device()
 .text._ZN3vex6device4initEl
                0x0380788c       0x30 C:\Program Files (x86)\VEX Robotics\VEXcode Pro V5\sdk/vexv5\libv5rt.a(vex_device.cpp.obj)
                0x0380788c                vex::device::init(long)
 .text._ZN3vex6deviceC2El
                0x038078bc       0x20 C:\Program Files (x86)\VEX Robotics\VEXcode Pro V5\sdk/vexv5\libv5rt.a(vex_device.cpp.obj)
                0x038078bc                vex::device::device(long)
                0x038078bc                vex::device::device(long)
 .text._ZN3vex6device4typeEv
                0x038078dc       0x10 C:\Program Files (x86)\VEX Robotics\VEXcode Pro V5\sdk/vexv5\libv5rt.a(vex_device.cpp.obj)
                0x038078dc                vex::device::type()
 .text._ZN3vex6device9installedEv
                0x038078ec       0x14 C:\Program Files (x86)\VEX Robotics\VEXcode Pro V5\sdk/vexv5\libv5rt.a(vex_device.cpp.obj)
                0x038078ec                vex::device::installed()
 .text.__libc_fini_array
                0x03807900       0x30 C:\Program Files (x86)\VEX Robotics\VEXcode Pro V5\sdk/vexv5/gcc/libs\libc.a(lib_a-fini.o)
                0x03807900                __libc_fini_array
 .text.__libc_init_array
                0x03807930       0x58 C:\Program Files (x86)\VEX Robotics\VEXcode Pro V5\sdk/vexv5/gcc/libs\libc.a(lib_a-init.o)
                0x03807930                __libc_init_array
 .text.roundf   0x03807988       0x68 C:\Program Files (x86)\VEX Robotics\VEXcode Pro V5\sdk/vexv5/gcc/libs\libm.a(lib_a-sf_round.o)
                0x03807988                roundf
 .text.acosf    0x038079f0       0xb4 C:\Program Files (x86)\VEX Robotics\VEXcode Pro V5\sdk/vexv5/gcc/libs\libm.a(lib_a-wf_acos.o)
                0x038079f0                acosf
 .text.__ieee754_acosf
                0x03807aa4      0x248 C:\Program Files (x86)\VEX Robotics\VEXcode Pro V5\sdk/vexv5/gcc/libs\libm.a(lib_a-ef_acos.o)
                0x03807aa4                __ieee754_acosf
 .text.fabsf    0x03807cec        0x8 C:\Program Files (x86)\VEX Robotics\VEXcode Pro V5\sdk/vexv5/gcc/libs\libm.a(lib_a-sf_fabs.o)
                0x03807cec                fabsf
 *fill*         0x03807cf4        0x4 
 .text.fabsf.__stub
                0x03807cf8       0x18 linker stubs
 *(.gnu.linkonce.t.*)
 *(.plt)
 *(.gnu_warning)
 *(.gcc_except_table)
 *(.glue_7)
 .glue_7        0x00000000        0x0 linker stubs
 *(.glue_7t)
 .glue_7t       0x00000000        0x0 linker stubs
 *(.vfp11_veneer)
 .vfp11_veneer  0x00000000        0x0 linker stubs
 *(.ARM.extab)
 *(.gnu.linkonce.armextab.*)

.v4_bx          0x03807d10        0x0
 .v4_bx         0x00000000        0x0 linker stubs

.iplt           0x03807d10        0x0
 .iplt          0x00000000        0x0 build/src/functions.o

.init
 *(.init)

.fini
 *(.fini)

.rodata         0x03807d10      0x348
                0x03807d10                __rodata_start = .
 *(.rodata)
 *(.rodata.*)
 .rodata.str1.1
                0x03807d10       0x17 build/src/chassi.o
 .rodata.str1.1
                0x03807d27      0x10d build/src/preauton.o
 .rodata.str1.1
                0x03807e34       0x2e C:\Program Files (x86)\VEX Robotics\VEXcode Pro V5\sdk/vexv5\libv5rt.a(v5_startup.c.obj)
 *fill*         0x03807e62        0x2 
 .rodata._ZN3vex5PORT1E
                0x03807e64        0x4 C:\Program Files (x86)\VEX Robotics\VEXcode Pro V5\sdk/vexv5\libv5rt.a(vex_global.cpp.obj)
                0x03807e64                vex::PORT1
 .rodata._ZN3vex7reverseE
                0x03807e68        0x4 C:\Program Files (x86)\VEX Robotics\VEXcode Pro V5\sdk/vexv5\libv5rt.a(vex_global.cpp.obj)
                0x03807e68                vex::reverse
 .rodata._ZN3vex5PORT5E
                0x03807e6c        0x4 C:\Program Files (x86)\VEX Robotics\VEXcode Pro V5\sdk/vexv5\libv5rt.a(vex_global.cpp.obj)
                0x03807e6c                vex::PORT5
 .rodata._ZN3vex7forwardE
                0x03807e70        0x4 C:\Program Files (x86)\VEX Robotics\VEXcode Pro V5\sdk/vexv5\libv5rt.a(vex_global.cpp.obj)
                0x03807e70                vex::forward
 .rodata._ZN3vex4msecE
                0x03807e74        0x4 C:\Program Files (x86)\VEX Robotics\VEXcode Pro V5\sdk/vexv5\libv5rt.a(vex_global.cpp.obj)
                0x03807e74                vex::msec
 .rodata._ZN3vex9ratio36_1E
                0x03807e78        0x4 C:\Program Files (x86)\VEX Robotics\VEXcode Pro V5\sdk/vexv5\libv5rt.a(vex_global.cpp.obj)
                0x03807e78                vex::ratio36_1
 .rodata._ZN3vex5PORT9E
                0x03807e7c        0x4 C:\Program Files (x86)\VEX Robotics\VEXcode Pro V5\sdk/vexv5\libv5rt.a(vex_global.cpp.obj)
                0x03807e7c                vex::PORT9
 .rodata._ZN3vex6PORT11E
                0x03807e80        0x4 C:\Program Files (x86)\VEX Robotics\VEXcode Pro V5\sdk/vexv5\libv5rt.a(vex_global.cpp.obj)
                0x03807e80                vex::PORT11
 .rodata._ZN3vex5PORT6E
                0x03807e84        0x4 C:\Program Files (x86)\VEX Robotics\VEXcode Pro V5\sdk/vexv5\libv5rt.a(vex_global.cpp.obj)
                0x03807e84                vex::PORT6
 .rodata._ZN3vex7primaryE
                0x03807e88        0x4 C:\Program Files (x86)\VEX Robotics\VEXcode Pro V5\sdk/vexv5\libv5rt.a(vex_global.cpp.obj)
                0x03807e88                vex::primary
 .rodata._ZN3vex3degE
                0x03807e8c        0x4 C:\Program Files (x86)\VEX Robotics\VEXcode Pro V5\sdk/vexv5\libv5rt.a(vex_global.cpp.obj)
                0x03807e8c                vex::deg
 .rodata._ZN3vex7percentE
                0x03807e90        0x4 C:\Program Files (x86)\VEX Robotics\VEXcode Pro V5\sdk/vexv5\libv5rt.a(vex_global.cpp.obj)
                0x03807e90                vex::percent
 .rodata._ZN3vex7degreesE
                0x03807e94        0x4 C:\Program Files (x86)\VEX Robotics\VEXcode Pro V5\sdk/vexv5\libv5rt.a(vex_global.cpp.obj)
                0x03807e94                vex::degrees
 .rodata._ZN3vex6PORT22E
                0x03807e98        0x4 C:\Program Files (x86)\VEX Robotics\VEXcode Pro V5\sdk/vexv5\libv5rt.a(vex_global.cpp.obj)
                0x03807e98                vex::PORT22
 .rodata._ZN3vex4holdE
                0x03807e9c        0x4 C:\Program Files (x86)\VEX Robotics\VEXcode Pro V5\sdk/vexv5\libv5rt.a(vex_global.cpp.obj)
                0x03807e9c                vex::hold
 .rodata._ZN3vex6PORT12E
                0x03807ea0        0x4 C:\Program Files (x86)\VEX Robotics\VEXcode Pro V5\sdk/vexv5\libv5rt.a(vex_global.cpp.obj)
                0x03807ea0                vex::PORT12
 .rodata._ZN3vex8ratio6_1E
                0x03807ea4        0x4 C:\Program Files (x86)\VEX Robotics\VEXcode Pro V5\sdk/vexv5\libv5rt.a(vex_global.cpp.obj)
                0x03807ea4                vex::ratio6_1
 .rodata._ZN3vex5brakeE
                0x03807ea8        0x4 C:\Program Files (x86)\VEX Robotics\VEXcode Pro V5\sdk/vexv5\libv5rt.a(vex_global.cpp.obj)
                0x03807ea8                vex::brake
 .rodata._ZN3vex5coastE
                0x03807eac        0x4 C:\Program Files (x86)\VEX Robotics\VEXcode Pro V5\sdk/vexv5\libv5rt.a(vex_global.cpp.obj)
                0x03807eac                vex::coast
 .rodata._ZN3vex5PORT4E
                0x03807eb0        0x4 C:\Program Files (x86)\VEX Robotics\VEXcode Pro V5\sdk/vexv5\libv5rt.a(vex_global.cpp.obj)
                0x03807eb0                vex::PORT4
 .rodata._ZN3vex5PORT8E
                0x03807eb4        0x4 C:\Program Files (x86)\VEX Robotics\VEXcode Pro V5\sdk/vexv5\libv5rt.a(vex_global.cpp.obj)
                0x03807eb4                vex::PORT8
 .rodata._ZN3vex6inchesE
                0x03807eb8        0x4 C:\Program Files (x86)\VEX Robotics\VEXcode Pro V5\sdk/vexv5\libv5rt.a(vex_global.cpp.obj)
                0x03807eb8                vex::inches
 .rodata._ZN3vex7secondsE
                0x03807ebc        0x4 C:\Program Files (x86)\VEX Robotics\VEXcode Pro V5\sdk/vexv5\libv5rt.a(vex_global.cpp.obj)
                0x03807ebc                vex::seconds
 .rodata._ZTVN3vex5motorE
                0x03807ec0       0x18 C:\Program Files (x86)\VEX Robotics\VEXcode Pro V5\sdk/vexv5\libv5rt.a(vex_motor.cpp.obj)
                0x03807ec0                vtable for vex::motor
 .rodata._ZTVN3vex8inertialE
                0x03807ed8       0x60 C:\Program Files (x86)\VEX Robotics\VEXcode Pro V5\sdk/vexv5\libv5rt.a(vex_imu.cpp.obj)
                0x03807ed8                vtable for vex::inertial
 .rodata._ZTVN3vex3gpsE
                0x03807f38       0x60 C:\Program Files (x86)\VEX Robotics\VEXcode Pro V5\sdk/vexv5\libv5rt.a(vex_gps.cpp.obj)
                0x03807f38                vtable for vex::gps
 .rodata.CSWTCH.16
                0x03807f98        0xb C:\Program Files (x86)\VEX Robotics\VEXcode Pro V5\sdk/vexv5\libv5rt.a(vex_controller.cpp.obj)
 .rodata.CSWTCH.18
                0x03807fa3        0xb C:\Program Files (x86)\VEX Robotics\VEXcode Pro V5\sdk/vexv5\libv5rt.a(vex_controller.cpp.obj)
 .rodata.CSWTCH.24
                0x03807fae        0x3 C:\Program Files (x86)\VEX Robotics\VEXcode Pro V5\sdk/vexv5\libv5rt.a(vex_controller.cpp.obj)
 .rodata.str1.1
                0x03807fb1       0x14 C:\Program Files (x86)\VEX Robotics\VEXcode Pro V5\sdk/vexv5\libv5rt.a(vex_task.cpp.obj)
 .rodata.str1.1
                0x03807fc5       0x2d C:\Program Files (x86)\VEX Robotics\VEXcode Pro V5\sdk/vexv5\libv5rt.a(vex_brain.cpp.obj)
 .rodata.CSWTCH.36
                0x03807ff2       0x10 C:\Program Files (x86)\VEX Robotics\VEXcode Pro V5\sdk/vexv5\libv5rt.a(vex_triport.cpp.obj)
 *fill*         0x03808002        0x6 
 .rodata._ZTVN3vex7triportE
                0x03808008       0x18 C:\Program Files (x86)\VEX Robotics\VEXcode Pro V5\sdk/vexv5\libv5rt.a(vex_triport.cpp.obj)
                0x03808008                vtable for vex::triport
 .rodata.CSWTCH.31
                0x03808020        0xe C:\Program Files (x86)\VEX Robotics\VEXcode Pro V5\sdk/vexv5\libv5rt.a(vex_triport.cpp.obj)
 *fill*         0x0380802e        0x2 
 .rodata._ZTVN3vex6deviceE
                0x03808030       0x18 C:\Program Files (x86)\VEX Robotics\VEXcode Pro V5\sdk/vexv5\libv5rt.a(vex_device.cpp.obj)
                0x03808030                vtable for vex::device
 .rodata.str1.4
                0x03808048        0x2 C:\Program Files (x86)\VEX Robotics\VEXcode Pro V5\sdk/vexv5/gcc/libs\libc.a(lib_a-impure.o)
 *fill*         0x0380804a        0x2 
 .rodata.str1.4
                0x0380804c        0xc C:\Program Files (x86)\VEX Robotics\VEXcode Pro V5\sdk/vexv5/gcc/libs\libm.a(lib_a-wf_acos.o)
                                  0x9 (size before relaxing)
 *(.gnu.linkonce.r.*)
                0x03808058                __rodata_end = .

.rodata1        0x03808058        0x0
                0x03808058                __rodata1_start = .
 *(.rodata1)
 *(.rodata1.*)
                0x03808058                __rodata1_end = .

.sdata2         0x03808058        0x0
                0x03808058                __sdata2_start = .
 *(.sdata2)
 *(.sdata2.*)
 *(.gnu.linkonce.s2.*)
                0x03808058                __sdata2_end = .

.sbss2          0x03808058        0x0
                0x03808058                __sbss2_start = .
 *(.sbss2)
 *(.sbss2.*)
 *(.gnu.linkonce.sb2.*)
                0x03808058                __sbss2_end = .

.data           0x03808058      0x465
                0x03808058                __data_start = .
 *(.data)
 *(.data.*)
 .data.Drive_balance
                0x03808058        0x4 build/src/chassi.o
                0x03808058                Drive_balance
 .data.TKp      0x0380805c        0x4 build/src/chassi.o
                0x0380805c                TKp
 .data.TKi      0x03808060        0x4 build/src/chassi.o
                0x03808060                TKi
 .data.TKd      0x03808064        0x4 build/src/chassi.o
                0x03808064                TKd
 .data.Kp       0x03808068        0x4 build/src/chassi.o
                0x03808068                Kp
 .data.Ki       0x0380806c        0x4 build/src/chassi.o
                0x0380806c                Ki
 .data.Kd       0x03808070        0x4 build/src/chassi.o
                0x03808070                Kd
 .data.DKp      0x03808074        0x4 build/src/chassi.o
                0x03808074                DKp
 .data.DKi      0x03808078        0x4 build/src/chassi.o
                0x03808078                DKi
 .data.DKd      0x0380807c        0x4 build/src/chassi.o
                0x0380807c                DKd
 .data.alliance
                0x03808080        0x4 build/src/preauton.o
                0x03808080                alliance
 .data.appRunning
                0x03808084        0x4 C:\Program Files (x86)\VEX Robotics\VEXcode Pro V5\sdk/vexv5\libv5rt.a(v5_startup.c.obj)
                0x03808084                appRunning
 .data.__yoff   0x03808088        0x4 C:\Program Files (x86)\VEX Robotics\VEXcode Pro V5\sdk/vexv5\libv5rt.a(v5_apijump.c.obj)
 .data._ZN3vex24__default_motor_velocityE
                0x0380808c        0x4 C:\Program Files (x86)\VEX Robotics\VEXcode Pro V5\sdk/vexv5\libv5rt.a(vex_motor.cpp.obj)
                0x0380808c                vex::__default_motor_velocity
 .data.impure_data
                0x03808090      0x428 C:\Program Files (x86)\VEX Robotics\VEXcode Pro V5\sdk/vexv5/gcc/libs\libc.a(lib_a-impure.o)
 .data._impure_ptr
                0x038084b8        0x4 C:\Program Files (x86)\VEX Robotics\VEXcode Pro V5\sdk/vexv5/gcc/libs\libc.a(lib_a-impure.o)
                0x038084b8                _impure_ptr
 .data.__fdlib_version
                0x038084bc        0x1 C:\Program Files (x86)\VEX Robotics\VEXcode Pro V5\sdk/vexv5/gcc/libs\libm.a(lib_a-s_lib_ver.o)
                0x038084bc                __fdlib_version
 *(.gnu.linkonce.d.*)
 *(.jcr)
 *(.got)
 *(.got.plt)
                0x038084bd                __data_end = .

.igot.plt       0x038084c0        0x0
 .igot.plt      0x00000000        0x0 build/src/functions.o

.data1          0x038084bd        0x0
                0x038084bd                __data1_start = .
 *(.data1)
 *(.data1.*)
                0x038084bd                __data1_end = .

.got
 *(.got)

.ctors          0x038084bd        0x0
                0x038084bd                __CTOR_LIST__ = .
                0x038084bd                ___CTORS_LIST___ = .
 *crtbegin.o(.ctors)
 *(EXCLUDE_FILE(*crtend.o) .ctors)
 *(SORT(.ctors.*))
 *(.ctors)
                0x038084bd                __CTOR_END__ = .
                0x038084bd                ___CTORS_END___ = .

.dtors          0x038084bd        0x0
                0x038084bd                __DTOR_LIST__ = .
                0x038084bd                ___DTORS_LIST___ = .
 *crtbegin.o(.dtors)
 *(EXCLUDE_FILE(*crtend.o) .dtors)
 *(SORT(.dtors.*))
 *(.dtors)
                0x038084bd                __DTOR_END__ = .
                0x038084bd                ___DTORS_END___ = .

.fixup          0x038084bd        0x0
                0x038084bd                __fixup_start = .
 *(.fixup)
                0x038084bd                __fixup_end = .

.eh_frame
 *(.eh_frame)

.eh_framehdr    0x038084bd        0x0
                0x038084bd                __eh_framehdr_start = .
 *(.eh_framehdr)
                0x038084bd                __eh_framehdr_end = .

.gcc_except_table
 *(.gcc_except_table)

.mmu_tbl        0x0380c000        0x0
                0x0380c000                __mmu_tbl_start = .
 *(.mmu_tbl)
                0x0380c000                __mmu_tbl_end = .

.ARM.exidx      0x038084c0        0x8
                0x038084c0                __exidx_start = .
 *(.ARM.exidx*)
 .ARM.exidx.text._Z10FrontLifttfbf
                0x038084c0        0x8 build/src/functions.o
 .ARM.exidx.text._Z9BackLifttfbf
                0x038084c8        0x0 build/src/functions.o
                                  0x8 (size before relaxing)
 .ARM.exidx.text.main
                0x038084c8        0x0 build/src/main.o
                                  0x8 (size before relaxing)
 .ARM.exidx.text._GLOBAL__sub_I_main.cpp
                0x038084c8        0x0 build/src/main.o
                                  0x8 (size before relaxing)
 .ARM.exidx.text._Z4Liftv
                0x038084c8        0x0 build/src/userControl.o
                                  0x8 (size before relaxing)
 .ARM.exidx.text._Z11usercontrolv
                0x038084c8        0x0 build/src/userControl.o
                                  0x8 (size before relaxing)
 .ARM.exidx.text._Z22advancedAdvancedSkillsv
                0x038084c8        0x0 build/src/auton.o
                                  0x8 (size before relaxing)
 .ARM.exidx.text._Z10autonomousv
                0x038084c8        0x0 build/src/auton.o
                                  0x8 (size before relaxing)
 .ARM.exidx.text._Z11vexcodeInitv
                0x038084c8        0x0 build/src/robot-config.o
                                  0x8 (size before relaxing)
 .ARM.exidx.text._GLOBAL__sub_I_robot_config.cpp
                0x038084c8        0x0 build/src/robot-config.o
                                  0x8 (size before relaxing)
 .ARM.exidx.text._Z9Calibratev
                0x038084c8        0x0 build/src/chassi.o
                                  0x8 (size before relaxing)
 .ARM.exidx.text._Z7_Drive_v
                0x038084c8        0x0 build/src/chassi.o
                                  0x8 (size before relaxing)
 .ARM.exidx.text._Z5Driveffbbbbf
                0x038084c8        0x0 build/src/chassi.o
                                  0x8 (size before relaxing)
 .ARM.exidx.text._Z9_DriveTo_v
                0x038084c8        0x0 build/src/chassi.o
                                  0x8 (size before relaxing)
 .ARM.exidx.text._Z7DriveToffffbf
                0x038084c8        0x0 build/src/chassi.o
                                  0x8 (size before relaxing)
 .ARM.exidx.text._Z9_Turn_To_v
                0x038084c8        0x0 build/src/chassi.o
                                  0x8 (size before relaxing)
 .ARM.exidx.text._ZN3vex5brain3lcd5printIfEEvT_
                0x038084c8        0x0 build/src/chassi.o
                                  0x8 (size before relaxing)
 .ARM.exidx.text._Z6TurnTofffbff
                0x038084c8        0x0 build/src/chassi.o
                                  0x8 (size before relaxing)
 .ARM.exidx.text._Z5GPS_Xv
                0x038084c8        0x0 build/src/chassi.o
                                  0x8 (size before relaxing)
 .ARM.exidx.text._Z5GPS_Yv
                0x038084c8        0x0 build/src/chassi.o
                                  0x8 (size before relaxing)
 .ARM.exidx.text._Z5GPS_Hv
                0x038084c8        0x0 build/src/chassi.o
                                  0x8 (size before relaxing)
 .ARM.exidx.text._Z13ControllerGpsv
                0x038084c8        0x0 build/src/chassi.o
                                  0x8 (size before relaxing)
 .ARM.exidx.text._ZN3vex10controller3lcd5printIfEEvT_
                0x038084c8        0x0 build/src/chassi.o
                                  0x8 (size before relaxing)
 .ARM.exidx.text._Z8StartGpsv
                0x038084c8        0x0 build/src/chassi.o
                                  0x8 (size before relaxing)
 .ARM.exidx.text._Z6_Turn_v
                0x038084c8        0x0 build/src/chassi.o
                                  0x8 (size before relaxing)
 .ARM.exidx.text._Z4Turnffbf
                0x038084c8        0x0 build/src/chassi.o
                                  0x8 (size before relaxing)
 .ARM.exidx.text._Z12TurnAndDrivefffffbbff
                0x038084c8        0x0 build/src/chassi.o
                                  0x8 (size before relaxing)
 .ARM.exidx.text._GLOBAL__sub_I_chassi.cpp
                0x038084c8        0x0 build/src/chassi.o
                                  0x8 (size before relaxing)